Archive member included to satisfy reference by file (symbol)

app/libapp.a(main.c.obj)      (--whole-archive)
zephyr/libzephyr.a(validate_libc.c.obj)
                              (--whole-archive)
zephyr/libzephyr.a(heap.c.obj)
                              (--whole-archive)
zephyr/libzephyr.a(cbprintf_packaged.c.obj)
                              (--whole-archive)
zephyr/libzephyr.a(clock.c.obj)
                              (--whole-archive)
zephyr/libzephyr.a(printk.c.obj)
                              (--whole-archive)
zephyr/libzephyr.a(sem.c.obj)
                              (--whole-archive)
zephyr/libzephyr.a(thread_entry.c.obj)
                              (--whole-archive)
zephyr/libzephyr.a(cbprintf_complete.c.obj)
                              (--whole-archive)
zephyr/libzephyr.a(assert.c.obj)
                              (--whole-archive)
zephyr/libzephyr.a(dec.c.obj)
                              (--whole-archive)
zephyr/libzephyr.a(hex.c.obj)
                              (--whole-archive)
zephyr/libzephyr.a(rb.c.obj)  (--whole-archive)
zephyr/libzephyr.a(timeutil.c.obj)
                              (--whole-archive)
zephyr/libzephyr.a(bitarray.c.obj)
                              (--whole-archive)
zephyr/libzephyr.a(bitmask.c.obj)
                              (--whole-archive)
zephyr/libzephyr.a(ring_buffer.c.obj)
                              (--whole-archive)
zephyr/libzephyr.a(last_section_id.c.obj)
                              (--whole-archive)
zephyr/libzephyr.a(configs.c.obj)
                              (--whole-archive)
zephyr/libzephyr.a(soc.c.obj)
                              (--whole-archive)
zephyr/libzephyr.a(tracing_none.c.obj)
                              (--whole-archive)
zephyr/arch/common/libarch__common.a(sw_isr_common.c.obj)
                              (--whole-archive)
zephyr/arch/common/libarch__common.a(init.c.obj)
                              (--whole-archive)
zephyr/arch/common/libarch__common.a(xip.c.obj)
                              (--whole-archive)
zephyr/arch/arch/arm/core/libarch__arm__core.a(fatal.c.obj)
                              (--whole-archive)
zephyr/arch/arch/arm/core/libarch__arm__core.a(nmi.c.obj)
                              (--whole-archive)
zephyr/arch/arch/arm/core/libarch__arm__core.a(nmi_on_reset.S.obj)
                              (--whole-archive)
zephyr/arch/arch/arm/core/libarch__arm__core.a(tls.c.obj)
                              (--whole-archive)
zephyr/arch/arch/arm/core/cortex_m/libarch__arm__core__cortex_m.a(exc_exit.c.obj)
                              (--whole-archive)
zephyr/arch/arch/arm/core/cortex_m/libarch__arm__core__cortex_m.a(fault.c.obj)
                              (--whole-archive)
zephyr/arch/arch/arm/core/cortex_m/libarch__arm__core__cortex_m.a(fault_s.S.obj)
                              (--whole-archive)
zephyr/arch/arch/arm/core/cortex_m/libarch__arm__core__cortex_m.a(fpu.c.obj)
                              (--whole-archive)
zephyr/arch/arch/arm/core/cortex_m/libarch__arm__core__cortex_m.a(reset.S.obj)
                              (--whole-archive)
zephyr/arch/arch/arm/core/cortex_m/libarch__arm__core__cortex_m.a(scb.c.obj)
                              (--whole-archive)
zephyr/arch/arch/arm/core/cortex_m/libarch__arm__core__cortex_m.a(thread_abort.c.obj)
                              (--whole-archive)
zephyr/arch/arch/arm/core/cortex_m/libarch__arm__core__cortex_m.a(vector_table.S.obj)
                              (--whole-archive)
zephyr/arch/arch/arm/core/cortex_m/libarch__arm__core__cortex_m.a(swap_helper.S.obj)
                              (--whole-archive)
zephyr/arch/arch/arm/core/cortex_m/libarch__arm__core__cortex_m.a(irq_manage.c.obj)
                              (--whole-archive)
zephyr/arch/arch/arm/core/cortex_m/libarch__arm__core__cortex_m.a(prep_c.c.obj)
                              (--whole-archive)
zephyr/arch/arch/arm/core/cortex_m/libarch__arm__core__cortex_m.a(thread.c.obj)
                              (--whole-archive)
zephyr/arch/arch/arm/core/cortex_m/libarch__arm__core__cortex_m.a(cpu_idle.c.obj)
                              (--whole-archive)
zephyr/arch/arch/arm/core/cortex_m/libarch__arm__core__cortex_m.a(irq_init.c.obj)
                              (--whole-archive)
zephyr/arch/arch/arm/core/cortex_m/libarch__arm__core__cortex_m.a(isr_wrapper.c.obj)
                              (--whole-archive)
zephyr/arch/arch/arm/core/cortex_m/libarch__arm__core__cortex_m.a(__aeabi_read_tp.S.obj)
                              (--whole-archive)
zephyr/arch/arch/arm/core/cortex_m/cmse/libarch__arm__core__cortex_m__cmse.a(arm_core_cmse.c.obj)
                              (--whole-archive)
zephyr/lib/libc/picolibc/liblib__libc__picolibc.a(assert.c.obj)
                              (--whole-archive)
zephyr/lib/libc/picolibc/liblib__libc__picolibc.a(cbprintf.c.obj)
                              (--whole-archive)
zephyr/lib/libc/picolibc/liblib__libc__picolibc.a(chk_fail.c.obj)
[...]
Memory Configuration

Name             Origin             Length             Attributes
FLASH            0x0000000000000000 0x0000000000020000 xr
RAM              0x0000000020000000 0x0000000000006000 xw
IDT_LIST         0x00000000ffff7fff 0x0000000000008000 xw
*default*        0x0000000000000000 0xffffffffffffffff

Linker script and memory map

                0x000000000000263c                vfprintf = __l_vfprintf
                0x0000000000000000                vfscanf = __l_vfscanf
LOAD zephyr/CMakeFiles/zephyr_pre0.dir/misc/empty_file.c.obj
LOAD zephyr/CMakeFiles/offsets.dir/./arch/arm/core/offsets/offsets.c.obj
LOAD app/libapp.a
LOAD zephyr/libzephyr.a
LOAD zephyr/arch/common/libarch__common.a
LOAD zephyr/arch/arch/arm/core/libarch__arm__core.a
LOAD zephyr/arch/arch/arm/core/cortex_m/libarch__arm__core__cortex_m.a
LOAD zephyr/arch/arch/arm/core/cortex_m/cmse/libarch__arm__core__cortex_m__cmse.a
LOAD zephyr/lib/libc/picolibc/liblib__libc__picolibc.a
LOAD zephyr/lib/libc/common/liblib__libc__common.a
LOAD zephyr/lib/posix/c_lib_ext/liblib__posix__c_lib_ext.a
LOAD zephyr/boards/nxp/frdm_mcxa153/libboards__nxp__frdm_mcxa153.a
LOAD zephyr/drivers/clock_control/libdrivers__clock_control.a
LOAD zephyr/drivers/console/libdrivers__console.a
LOAD zephyr/drivers/gpio/libdrivers__gpio.a
LOAD zephyr/drivers/pinctrl/libdrivers__pinctrl.a
LOAD zephyr/drivers/serial/libdrivers__serial.a
LOAD zephyr/drivers/timer/libdrivers__timer.a
LOAD modules/hal_nxp/libmodules__hal_nxp.a
LOAD zephyr/kernel/libkernel.a
LOAD zephyr/arch/common/libisr_tables.a
LOAD /Users/tedd/zephyr-sdk-0.17.4/arm-zephyr-eabi/bin/../lib/gcc/../../picolibc/arm-zephyr-eabi/lib/thumb/v8-m.main/nofp/libc.a
LOAD /Users/tedd/zephyr-sdk-0.17.4/arm-zephyr-eabi/bin/../lib/gcc/arm-zephyr-eabi/12.2.0/thumb/v8-m.main/nofp/libgcc.a
                0x0000000000000004                _region_min_align = 0x4

.rel.plt        0x0000000000000000        0x0
 *(SORT_BY_ALIGNMENT(.rel.plt))
                [!provide]                        PROVIDE (__rel_iplt_start = .)
 *(SORT_BY_ALIGNMENT(.rel.iplt))
 .rel.iplt      0x0000000000000000        0x0 app/libapp.a(main.c.obj)
                [!provide]                        PROVIDE (__rel_iplt_end = .)

.rela.plt       0x0000000000000000        0x0
 *(SORT_BY_ALIGNMENT(.rela.plt))
                [!provide]                        PROVIDE (__rela_iplt_start = .)
 *(SORT_BY_ALIGNMENT(.rela.iplt))
                [!provide]                        PROVIDE (__rela_iplt_end = .)

.rel.dyn
 *(SORT_BY_ALIGNMENT(.rel.*))

.rela.dyn
 *(SORT_BY_ALIGNMENT(.rela.*))

/DISCARD/
 *(SORT_BY_ALIGNMENT(.plt))

/DISCARD/
 *(SORT_BY_ALIGNMENT(.iplt))
                0x0000000000000000                __rom_region_start = 0x0

rom_start       0x0000000000000000      0x180
                0x0000000000000000                __rom_start_address = .
 FILL mask 0x00
                0x0000000000000000                . = (. + (0x0 - (. - __rom_start_address)))
                0x0000000000000000                . = ALIGN (0x4)
                0x0000000000000000                . = ALIGN (0x80)
                0x0000000000000000                . = ALIGN (0x200)
                0x0000000000000000                _vector_start = .
 *(SORT_BY_ALIGNMENT(.exc_vector_table))
 *(SORT_BY_ALIGNMENT(.exc_vector_table.*))
 .exc_vector_table._vector_table_section
                0x0000000000000000       0x40 zephyr/arch/arch/arm/core/cortex_m/libarch__arm__core__cortex_m.a(vector_table.S.obj)
                0x0000000000000000                _vector_table
 *(SORT_BY_ALIGNMENT(.vectors))
                0x0000000000000180                _vector_end = .
                0x0000000000000040                . = ALIGN (0x4)
 *(SORT_BY_ALIGNMENT(.gnu.linkonce.irq_vector_table*))
 .gnu.linkonce.irq_vector_table
                0x0000000000000040      0x140 zephyr/arch/common/libisr_tables.a(isr_tables.c.obj)
                0x0000000000000040                _irq_vector_table
                0x0000000000000180                _vector_end = .

text            0x0000000000000180     0x3828
                0x0000000000000180                __text_region_start = .
 *(SORT_BY_ALIGNMENT(.text))
 .text          0x0000000000000180       0x30 /Users/tedd/zephyr-sdk-0.17.4/arm-zephyr-eabi/bin/../lib/gcc/arm-zephyr-eabi/12.2.0/thumb/v8-m.main/nofp/libgcc.a(_aeabi_uldivmod.o)
                0x0000000000000180                __aeabi_uldivmod
 .text          0x00000000000001b0        0x4 /Users/tedd/zephyr-sdk-0.17.4/arm-zephyr-eabi/bin/../lib/gcc/arm-zephyr-eabi/12.2.0/thumb/v8-m.main/nofp/libgcc.a(_dvmd_tls.o)
                0x00000000000001b0                __aeabi_ldiv0
                0x00000000000001b0                __aeabi_idiv0
 .text          0x00000000000001b4      0x29c /Users/tedd/zephyr-sdk-0.17.4/arm-zephyr-eabi/bin/../lib/gcc/arm-zephyr-eabi/12.2.0/thumb/v8-m.main/nofp/libgcc.a(_udivmoddi4.o)
                0x00000000000001b4                __udivmoddi4
 *(SORT_BY_ALIGNMENT(.text.*))
 .text.uart_irq_callback_user_data_set.constprop.0.isra.0
                0x0000000000000450       0x14 app/libapp.a(main.c.obj)
 .text.main     0x0000000000000464       0xbc app/libapp.a(main.c.obj)
                0x0000000000000464                main
 .text.char_out
                0x0000000000000520        0xc zephyr/libzephyr.a(printk.c.obj)
 .text.__printk_hook_install
                0x000000000000052c        0xc zephyr/libzephyr.a(printk.c.obj)
                0x000000000000052c                __printk_hook_install
 .text.vprintk  0x0000000000000538       0x30 zephyr/libzephyr.a(printk.c.obj)
                0x0000000000000538                vprintk
 .text.z_thread_entry
                0x0000000000000568       0x34 zephyr/libzephyr.a(thread_entry.c.obj)
                0x0000000000000568                z_thread_entry
 .text.arch_bss_zero
                0x000000000000059c       0x18 zephyr/arch/common/libarch__common.a(init.c.obj)
                0x000000000000059c                arch_bss_zero
 .text.arch_data_copy
                0x00000000000005b4       0x38 zephyr/arch/common/libarch__common.a(xip.c.obj)
                0x00000000000005b4                arch_data_copy
 .text.z_arm_fatal_error
                0x00000000000005ec       0x60 zephyr/arch/arch/arm/core/libarch__arm__core.a(fatal.c.obj)
                0x00000000000005ec                z_arm_fatal_error
 .text.z_SysNmiOnReset
                0x000000000000064c        0x8 zephyr/arch/arch/arm/core/libarch__arm__core.a(nmi_on_reset.S.obj)
                0x000000000000064c                z_SysNmiOnReset
 .text.arch_tls_stack_setup
                0x0000000000000654       0x40 zephyr/arch/arch/arm/core/libarch__arm__core.a(tls.c.obj)
                0x0000000000000654                arch_tls_stack_setup
 .text._HandlerModeExit
                0x0000000000000694       0x20 zephyr/arch/arch/arm/core/cortex_m/libarch__arm__core__cortex_m.a(exc_exit.c.obj)
                0x0000000000000694                z_arm_exc_exit
                0x0000000000000694                z_arm_int_exit
 .text.usage_fault.constprop.0
                0x00000000000006b4       0xa8 zephyr/arch/arch/arm/core/cortex_m/libarch__arm__core__cortex_m.a(fault.c.obj)
 .text.bus_fault.constprop.0
                0x000000000000075c       0xa4 zephyr/arch/arch/arm/core/cortex_m/libarch__arm__core__cortex_m.a(fault.c.obj)
 .text.mem_manage_fault.constprop.0
                0x0000000000000800       0x9c zephyr/arch/arch/arm/core/cortex_m/libarch__arm__core__cortex_m.a(fault.c.obj)
 .text.z_arm_fault
                0x000000000000089c      0x1a0 zephyr/arch/arch/arm/core/cortex_m/libarch__arm__core__cortex_m.a(fault.c.obj)
                0x000000000000089c                z_arm_fault
 .text.z_arm_fault_init
                0x0000000000000a3c       0x18 zephyr/arch/arch/arm/core/cortex_m/libarch__arm__core__cortex_m.a(fault.c.obj)
                0x0000000000000a3c                z_arm_fault_init
 .text.__fault  0x0000000000000a54       0x14 zephyr/arch/arch/arm/core/cortex_m/libarch__arm__core__cortex_m.a(fault_s.S.obj)
                0x0000000000000a54                z_arm_bus_fault
                0x0000000000000a54                z_arm_usage_fault
                0x0000000000000a54                z_arm_mpu_fault
                0x0000000000000a54                z_arm_exc_spurious
                0x0000000000000a54                z_arm_debug_monitor
                0x0000000000000a54                z_arm_hard_fault
 .text._reset_section
                0x0000000000000a68       0x38 zephyr/arch/arch/arm/core/cortex_m/libarch__arm__core__cortex_m.a(reset.S.obj)
                0x0000000000000a68                z_arm_reset
                0x0000000000000a68                __start
 .text.z_impl_k_thread_abort
                0x0000000000000aa0       0x2c zephyr/arch/arch/arm/core/cortex_m/libarch__arm__core__cortex_m.a(thread_abort.c.obj)
                0x0000000000000aa0                z_impl_k_thread_abort
 .text.z_arm_pendsv
                0x0000000000000acc       0x54 zephyr/arch/arch/arm/core/cortex_m/libarch__arm__core__cortex_m.a(swap_helper.S.obj)
                0x0000000000000acc                z_arm_pendsv
 .text.z_arm_svc
                0x0000000000000b20       0x24 zephyr/arch/arch/arm/core/cortex_m/libarch__arm__core__cortex_m.a(swap_helper.S.obj)
                0x0000000000000b20                z_arm_svc
 .text.arm_irq_enable
                0x0000000000000b44       0x1c zephyr/arch/arch/arm/core/cortex_m/libarch__arm__core__cortex_m.a(irq_manage.c.obj)
                0x0000000000000b44                arm_irq_enable
 .text.arm_irq_priority_set
                0x0000000000000b60       0x2c zephyr/arch/arch/arm/core/cortex_m/libarch__arm__core__cortex_m.a(irq_manage.c.obj)
                0x0000000000000b60                arm_irq_priority_set
 .text.relocate_vector_table
                0x0000000000000b8c       0x1c zephyr/arch/arch/arm/core/cortex_m/libarch__arm__core__cortex_m.a(prep_c.c.obj)
                0x0000000000000b8c                relocate_vector_table
 .text.arch_new_thread
                0x0000000000000ba8       0x38 zephyr/arch/arch/arm/core/cortex_m/libarch__arm__core__cortex_m.a(thread.c.obj)
                0x0000000000000ba8                arch_new_thread
 .text.arch_switch_to_main_thread
                0x0000000000000be0       0x38 zephyr/arch/arch/arm/core/cortex_m/libarch__arm__core__cortex_m.a(thread.c.obj)
                0x0000000000000be0                arch_switch_to_main_thread
 .text.z_arm_cpu_idle_init
                0x0000000000000c18        0xc zephyr/arch/arch/arm/core/cortex_m/libarch__arm__core__cortex_m.a(cpu_idle.c.obj)
                0x0000000000000c18                z_arm_cpu_idle_init
 .text.z_arm_interrupt_init
                0x0000000000000c24       0x18 zephyr/arch/arch/arm/core/cortex_m/libarch__arm__core__cortex_m.a(irq_init.c.obj)
                0x0000000000000c24                z_arm_interrupt_init
 .text._isr_wrapper
                0x0000000000000c3c       0x24 zephyr/arch/arch/arm/core/cortex_m/libarch__arm__core__cortex_m.a(isr_wrapper.c.obj)
                0x0000000000000c3c                _isr_wrapper
 .text.z_impl_zephyr_fputc
                0x0000000000000c60       0x10 zephyr/lib/libc/picolibc/liblib__libc__picolibc.a(stdio.c.obj)
                0x0000000000000c60                z_impl_zephyr_fputc
 .text.__stdout_hook_install
                0x0000000000000c70       0x18 zephyr/lib/libc/picolibc/liblib__libc__picolibc.a(stdio.c.obj)
                0x0000000000000c70                __stdout_hook_install
 .text.malloc_prepare
                0x0000000000000c88       0x24 zephyr/lib/libc/common/liblib__libc__common.a(malloc.c.obj)
 .text.CLOCK_EnableClock
                0x0000000000000cac       0x34 zephyr/boards/nxp/frdm_mcxa153/libboards__nxp__frdm_mcxa153.a(board.c.obj)
 .text.board_early_init_hook
                0x0000000000000ce0      0x1ec zephyr/boards/nxp/frdm_mcxa153/libboards__nxp__frdm_mcxa153.a(board.c.obj)
                0x0000000000000ce0                board_early_init_hook
 .text.mcux_lpc_syscon_clock_control_on
                0x0000000000000ecc       0x74 zephyr/drivers/clock_control/libdrivers__clock_control.a(clock_control_mcux_syscon.c.obj)
 .text.uart_console_init
                0x0000000000000f40       0x28 zephyr/drivers/console/libdrivers__console.a(uart_console.c.obj)
 .text.console_out
                0x0000000000000f68       0x28 zephyr/drivers/console/libdrivers__console.a(uart_console.c.obj)
 .text.pinctrl_configure_pins
                0x0000000000000f90       0x40 zephyr/drivers/pinctrl/libdrivers__pinctrl.a(pinctrl_nxp_port.c.obj)
                0x0000000000000f90                pinctrl_configure_pins
 .text.mcux_lpc_ostick_get_compensated_timer_value
                0x0000000000000fd0        0xc zephyr/drivers/timer/libdrivers__timer.a(mcux_os_timer.c.obj)
 .text.mcux_lpc_ostick_isr
                0x0000000000000fdc       0x48 zephyr/drivers/timer/libdrivers__timer.a(mcux_os_timer.c.obj)
                0x0000000000000fdc                mcux_lpc_ostick_isr
 .text.sys_clock_driver_init
                0x0000000000001024       0x44 zephyr/drivers/timer/libdrivers__timer.a(mcux_os_timer.c.obj)
 .text.sys_clock_set_timeout
                0x0000000000001068       0x90 zephyr/drivers/timer/libdrivers__timer.a(mcux_os_timer.c.obj)
                0x0000000000001068                sys_clock_set_timeout
 .text.sys_clock_elapsed
                0x00000000000010f8       0x30 zephyr/drivers/timer/libdrivers__timer.a(mcux_os_timer.c.obj)
                0x00000000000010f8                sys_clock_elapsed
 .text.LPUART_GetInstance
                0x0000000000001128       0x28 modules/hal_nxp/libmodules__hal_nxp.a(fsl_lpuart.c.obj)
                0x0000000000001128                LPUART_GetInstance
 .text.LPUART_Init
                0x0000000000001150      0x230 modules/hal_nxp/libmodules__hal_nxp.a(fsl_lpuart.c.obj)
                0x0000000000001150                LPUART_Init
 .text.LPUART_Deinit
                0x0000000000001380       0x8c modules/hal_nxp/libmodules__hal_nxp.a(fsl_lpuart.c.obj)
                0x0000000000001380                LPUART_Deinit
 .text.LPUART_GetEnabledInterrupts
                0x000000000000140c       0x2c modules/hal_nxp/libmodules__hal_nxp.a(fsl_lpuart.c.obj)
                0x000000000000140c                LPUART_GetEnabledInterrupts
 .text.LPUART_GetStatusFlags
                0x0000000000001438       0x18 modules/hal_nxp/libmodules__hal_nxp.a(fsl_lpuart.c.obj)
                0x0000000000001438                LPUART_GetStatusFlags
 .text.LPUART_ClearStatusFlags
                0x0000000000001450       0x3c modules/hal_nxp/libmodules__hal_nxp.a(fsl_lpuart.c.obj)
                0x0000000000001450                LPUART_ClearStatusFlags
 .text.OSTIMER_GetInstance
                0x000000000000148c       0x10 modules/hal_nxp/libmodules__hal_nxp.a(fsl_ostimer.c.obj)
 .text.OSTIMER_EnableInterrupt.constprop.0
                0x000000000000149c       0x20 modules/hal_nxp/libmodules__hal_nxp.a(fsl_ostimer.c.obj)
 .text.OSTIMER_Init
                0x00000000000014bc       0x2c modules/hal_nxp/libmodules__hal_nxp.a(fsl_ostimer.c.obj)
                0x00000000000014bc                OSTIMER_Init
 .text.OSTIMER_SetMatchRawValue
                0x00000000000014e8       0x80 modules/hal_nxp/libmodules__hal_nxp.a(fsl_ostimer.c.obj)
                0x00000000000014e8                OSTIMER_SetMatchRawValue
 .text.SystemInit
                0x0000000000001568       0xd8 modules/hal_nxp/libmodules__hal_nxp.a(system_MCXA153.c.obj)
                0x0000000000001568                SystemInit
 .text.CLOCK_GetFro12MFreq
                0x0000000000001640       0x1c modules/hal_nxp/libmodules__hal_nxp.a(fsl_clock.c.obj)
 .text.CLOCK_GetFroHfFreq
                0x000000000000165c       0x34 modules/hal_nxp/libmodules__hal_nxp.a(fsl_clock.c.obj)
 .text.CLOCK_GetClk16KFreq
                0x0000000000001690       0x24 modules/hal_nxp/libmodules__hal_nxp.a(fsl_clock.c.obj)
 .text.CLOCK_GetExtClkFreq
                0x00000000000016b4       0x1c modules/hal_nxp/libmodules__hal_nxp.a(fsl_clock.c.obj)
 .text.CLOCK_SetClockSelect
                0x00000000000016d0       0x54 modules/hal_nxp/libmodules__hal_nxp.a(fsl_clock.c.obj)
                0x00000000000016d0                CLOCK_SetClockSelect
 .text.CLOCK_SetClockDiv
                0x0000000000001724       0x40 modules/hal_nxp/libmodules__hal_nxp.a(fsl_clock.c.obj)
                0x0000000000001724                CLOCK_SetClockDiv
 .text.CLOCK_SetupFROHFClocking
                0x0000000000001764       0x90 modules/hal_nxp/libmodules__hal_nxp.a(fsl_clock.c.obj)
                0x0000000000001764                CLOCK_SetupFROHFClocking
 .text.CLOCK_SetupFRO12MClocking
                0x00000000000017f4       0x38 modules/hal_nxp/libmodules__hal_nxp.a(fsl_clock.c.obj)
                0x00000000000017f4                CLOCK_SetupFRO12MClocking
 .text.CLOCK_SetupFRO16KClocking
                0x000000000000182c       0x30 modules/hal_nxp/libmodules__hal_nxp.a(fsl_clock.c.obj)
                0x000000000000182c                CLOCK_SetupFRO16KClocking
 .text.CLOCK_GetMainClk
                0x000000000000185c       0x30 modules/hal_nxp/libmodules__hal_nxp.a(fsl_clock.c.obj)
                0x000000000000185c                CLOCK_GetMainClk
 .text.CLOCK_GetCoreSysClkFreq
                0x000000000000188c       0x1c modules/hal_nxp/libmodules__hal_nxp.a(fsl_clock.c.obj)
                0x000000000000188c                CLOCK_GetCoreSysClkFreq
 .text.CLOCK_GetFreq
                0x00000000000018a8       0xbc modules/hal_nxp/libmodules__hal_nxp.a(fsl_clock.c.obj)
                0x00000000000018a8                CLOCK_GetFreq
 .text.CLOCK_GetLpuartClkFreq
                0x0000000000001964       0x7c modules/hal_nxp/libmodules__hal_nxp.a(fsl_clock.c.obj)
                0x0000000000001964                CLOCK_GetLpuartClkFreq
 .text.CLOCK_EnableUsbfsClock
                0x00000000000019e0       0x64 modules/hal_nxp/libmodules__hal_nxp.a(fsl_clock.c.obj)
                0x00000000000019e0                CLOCK_EnableUsbfsClock
 .text.RESET_SetPeripheralReset
                0x0000000000001a44       0x50 modules/hal_nxp/libmodules__hal_nxp.a(fsl_reset.c.obj)
                0x0000000000001a44                RESET_SetPeripheralReset
 .text.RESET_ClearPeripheralReset
                0x0000000000001a94       0x44 modules/hal_nxp/libmodules__hal_nxp.a(fsl_reset.c.obj)
                0x0000000000001a94                RESET_ClearPeripheralReset
 .text.z_fatal_error
                0x0000000000001ad8       0x30 zephyr/kernel/libkernel.a(fatal.c.obj)
                0x0000000000001ad8                z_fatal_error
 .text.z_sys_init_run_level
                0x0000000000001b08       0x30 zephyr/kernel/libkernel.a(init.c.obj)
 .text.bg_thread_main
                0x0000000000001b38       0xc0 zephyr/kernel/libkernel.a(init.c.obj)
 .text.z_init_cpu
                0x0000000000001bf8       0x68 zephyr/kernel/libkernel.a(init.c.obj)
                0x0000000000001bf8                z_init_cpu
 .text.z_cstart
                0x0000000000001c60       0xc0 zephyr/kernel/libkernel.a(init.c.obj)
                0x0000000000001c60                z_cstart
 .text.z_setup_new_thread
                0x0000000000001d20       0x70 zephyr/kernel/libkernel.a(thread.c.obj)
                0x0000000000001d20                z_setup_new_thread
 .text.z_dummy_thread_init
                0x0000000000001d90       0x14 zephyr/kernel/libkernel.a(thread.c.obj)
                0x0000000000001d90                z_dummy_thread_init
 .text.z_swap_irqlock
                0x0000000000001da4       0x30 zephyr/kernel/libkernel.a(sched.c.obj)
 .text.ready_thread
                0x0000000000001dd4       0x84 zephyr/kernel/libkernel.a(sched.c.obj)
 .text.unready_thread
                0x0000000000001e58       0x54 zephyr/kernel/libkernel.a(sched.c.obj)
 .text.move_thread_to_end_of_prio_q
                0x0000000000001eac       0x90 zephyr/kernel/libkernel.a(sched.c.obj)
                0x0000000000001eac                move_thread_to_end_of_prio_q
 .text.z_reschedule
                0x0000000000001f3c       0x24 zephyr/kernel/libkernel.a(sched.c.obj)
                0x0000000000001f3c                z_reschedule
 .text.z_reschedule_irqlock
                0x0000000000001f60       0x28 zephyr/kernel/libkernel.a(sched.c.obj)
                0x0000000000001f60                z_reschedule_irqlock
 .text.k_sched_lock
                0x0000000000001f88       0x28 zephyr/kernel/libkernel.a(sched.c.obj)
                0x0000000000001f88                k_sched_lock
 .text.k_sched_unlock
                0x0000000000001fb0       0x68 zephyr/kernel/libkernel.a(sched.c.obj)
                0x0000000000001fb0                k_sched_unlock
 .text.z_sched_init
                0x0000000000002018       0x10 zephyr/kernel/libkernel.a(sched.c.obj)
                0x0000000000002018                z_sched_init
 .text.z_impl_k_yield
                0x0000000000002028       0x88 zephyr/kernel/libkernel.a(sched.c.obj)
                0x0000000000002028                z_impl_k_yield
 .text.z_tick_sleep
                0x00000000000020b0       0x78 zephyr/kernel/libkernel.a(sched.c.obj)
 .text.z_impl_k_wakeup
                0x0000000000002128       0x48 zephyr/kernel/libkernel.a(sched.c.obj)
                0x0000000000002128                z_impl_k_wakeup
 .text.z_impl_k_sched_current_thread_query
                0x0000000000002170        0xc zephyr/kernel/libkernel.a(sched.c.obj)
                0x0000000000002170                z_impl_k_sched_current_thread_query
 .text.z_thread_abort
                0x000000000000217c      0x140 zephyr/kernel/libkernel.a(sched.c.obj)
                0x000000000000217c                z_thread_abort
 .text.slice_timeout
                0x00000000000022bc       0x20 zephyr/kernel/libkernel.a(timeslicing.c.obj)
 .text.thread_is_sliceable
                0x00000000000022dc       0x3c zephyr/kernel/libkernel.a(timeslicing.c.obj)
                0x00000000000022dc                thread_is_sliceable
 .text.z_reset_time_slice
                0x0000000000002318       0x50 zephyr/kernel/libkernel.a(timeslicing.c.obj)
                0x0000000000002318                z_reset_time_slice
 .text.z_time_slice
                0x0000000000002368       0x60 zephyr/kernel/libkernel.a(timeslicing.c.obj)
                0x0000000000002368                z_time_slice
 .text.first    0x00000000000023c8       0x10 zephyr/kernel/libkernel.a(timeout.c.obj)
 .text.elapsed  0x00000000000023d8       0x14 zephyr/kernel/libkernel.a(timeout.c.obj)
 .text.remove_timeout
                0x00000000000023ec       0x38 zephyr/kernel/libkernel.a(timeout.c.obj)
 .text.z_add_timeout
                0x0000000000002424      0x120 zephyr/kernel/libkernel.a(timeout.c.obj)
                0x0000000000002424                z_add_timeout
 .text.sys_clock_announce
                0x0000000000002544       0xbc zephyr/kernel/libkernel.a(timeout.c.obj)
                0x0000000000002544                sys_clock_announce
 .text.sys_clock_tick_get
                0x0000000000002600       0x30 zephyr/kernel/libkernel.a(timeout.c.obj)
                0x0000000000002600                sys_clock_tick_get
 .text.boot_banner
                0x0000000000002630        0xc zephyr/kernel/libkernel.a(banner.c.obj)
                0x0000000000002630                boot_banner
 .text.__l_vfprintf
                0x000000000000263c      0x4b4 /Users/tedd/zephyr-sdk-0.17.4/arm-zephyr-eabi/bin/../lib/gcc/../../picolibc/arm-zephyr-eabi/lib/thumb/v8-m.main/nofp/libc.a(libc_tinystdio_vflprintf.c.o)
                0x000000000000263c                __l_vfprintf
 .text._OffsetAbsSyms
                0x0000000000002af0        0x2 zephyr/CMakeFiles/offsets.dir/./arch/arm/core/offsets/offsets.c.obj
                0x0000000000002af0                _OffsetAbsSyms
 .text.z_impl_uart_irq_rx_enable
                0x0000000000002af2        0xa app/libapp.a(main.c.obj)
 .text.uart_cb  0x0000000000002afc       0x46 app/libapp.a(main.c.obj)
 .text.chunk_size
                0x0000000000002b42        0xa zephyr/libzephyr.a(heap.c.obj)
 .text.free_list_add
                0x0000000000002b4c       0x4e zephyr/libzephyr.a(heap.c.obj)
 .text.sys_heap_init
                0x0000000000002b9a       0x7a zephyr/libzephyr.a(heap.c.obj)
                0x0000000000002b9a                sys_heap_init
 .text.arch_printk_char_out
                0x0000000000002c14        0x4 zephyr/libzephyr.a(printk.c.obj)
                0x0000000000002c14                arch_printk_char_out
 .text.printk   0x0000000000002c18       0x1a zephyr/libzephyr.a(printk.c.obj)
                0x0000000000002c18                printk
 .text.ring_buf_area_claim
                0x0000000000002c32       0x30 zephyr/libzephyr.a(ring_buffer.c.obj)
                0x0000000000002c32                ring_buf_area_claim
 .text.ring_buf_put_claim
                0x0000000000002c62       0x1e zephyr/libzephyr.a(ring_buffer.c.obj)
 .text.ring_buf_get_claim
                0x0000000000002c80       0x1e zephyr/libzephyr.a(ring_buffer.c.obj)
 .text.ring_buf_area_finish
                0x0000000000002c9e       0x32 zephyr/libzephyr.a(ring_buffer.c.obj)
                0x0000000000002c9e                ring_buf_area_finish
 .text.ring_buf_put
                0x0000000000002cd0       0x40 zephyr/libzephyr.a(ring_buffer.c.obj)
                0x0000000000002cd0                ring_buf_put
 .text.ring_buf_get
                0x0000000000002d10       0x44 zephyr/libzephyr.a(ring_buffer.c.obj)
                0x0000000000002d10                ring_buf_get
 .text._ConfigAbsSyms
                0x0000000000002d54        0x2 zephyr/libzephyr.a(configs.c.obj)
                0x0000000000002d54                _ConfigAbsSyms
 .text.soc_reset_hook
                0x0000000000002d56        0x4 zephyr/libzephyr.a(soc.c.obj)
                0x0000000000002d56                soc_reset_hook
 .text.arch_early_memset
                0x0000000000002d5a        0x4 zephyr/arch/common/libarch__common.a(init.c.obj)
                0x0000000000002d5a                arch_early_memset
 .text.arch_early_memcpy
                0x0000000000002d5e        0x4 zephyr/arch/common/libarch__common.a(init.c.obj)
                0x0000000000002d5e                arch_early_memcpy
 .text.z_do_kernel_oops
                0x0000000000002d62        0x8 zephyr/arch/arch/arm/core/libarch__arm__core.a(fatal.c.obj)
                0x0000000000002d62                z_do_kernel_oops
 .text.z_arm_nmi
                0x0000000000002d6a        0xe zephyr/arch/arch/arm/core/libarch__arm__core.a(nmi.c.obj)
                0x0000000000002d6a                z_arm_nmi
 .text.z_irq_spurious
                0x0000000000002d78        0x8 zephyr/arch/arch/arm/core/cortex_m/libarch__arm__core__cortex_m.a(irq_manage.c.obj)
                0x0000000000002d78                z_irq_spurious
 .text.z_prep_c
                0x0000000000002d80       0x16 zephyr/arch/arch/arm/core/cortex_m/libarch__arm__core__cortex_m.a(prep_c.c.obj)
                0x0000000000002d80                z_prep_c
 .text.arch_coprocessors_disable
                0x0000000000002d96        0x6 zephyr/arch/arch/arm/core/cortex_m/libarch__arm__core__cortex_m.a(thread.c.obj)
                0x0000000000002d96                arch_coprocessors_disable
 .text.arch_irq_unlock_outlined
                0x0000000000002d9c        0xe zephyr/arch/arch/arm/core/cortex_m/libarch__arm__core__cortex_m.a(thread.c.obj)
                0x0000000000002d9c                arch_irq_unlock_outlined
 .text.arch_cpu_idle
                0x0000000000002daa       0x1a zephyr/arch/arch/arm/core/cortex_m/libarch__arm__core__cortex_m.a(cpu_idle.c.obj)
                0x0000000000002daa                arch_cpu_idle
 .text.picolibc_put
                0x0000000000002dc4        0xa zephyr/lib/libc/picolibc/liblib__libc__picolibc.a(stdio.c.obj)
 .text.mcux_lpc_syscon_clock_control_off
                0x0000000000002dce        0x4 zephyr/drivers/clock_control/libdrivers__clock_control.a(clock_control_mcux_syscon.c.obj)
 .text.mcux_lpc_syscon_clock_control_set_subsys_rate
                0x0000000000002dd2        0x6 zephyr/drivers/clock_control/libdrivers__clock_control.a(clock_control_mcux_syscon.c.obj)
 .text.mcux_lpc_syscon_clock_control_configure
                0x0000000000002dd8        0x4 zephyr/drivers/clock_control/libdrivers__clock_control.a(clock_control_mcux_syscon.c.obj)
 .text.mcux_lpc_syscon_clock_control_get_subsys_rate
                0x0000000000002ddc       0x44 zephyr/drivers/clock_control/libdrivers__clock_control.a(clock_control_mcux_syscon.c.obj)
 .text.gpio_mcux_port_configure
                0x0000000000002e20       0xa0 zephyr/drivers/gpio/libdrivers__gpio.a(gpio_mcux.c.obj)
 .text.gpio_mcux_port_get_raw
                0x0000000000002ec0        0xc zephyr/drivers/gpio/libdrivers__gpio.a(gpio_mcux.c.obj)
 .text.gpio_mcux_port_set_masked_raw
                0x0000000000002ecc       0x12 zephyr/drivers/gpio/libdrivers__gpio.a(gpio_mcux.c.obj)
 .text.gpio_mcux_port_set_bits_raw
                0x0000000000002ede        0xa zephyr/drivers/gpio/libdrivers__gpio.a(gpio_mcux.c.obj)
 .text.gpio_mcux_port_clear_bits_raw
                0x0000000000002ee8        0xa zephyr/drivers/gpio/libdrivers__gpio.a(gpio_mcux.c.obj)
 .text.gpio_mcux_port_toggle_bits
                0x0000000000002ef2        0xa zephyr/drivers/gpio/libdrivers__gpio.a(gpio_mcux.c.obj)
 .text.gpio_mcux_manage_callback
                0x0000000000002efc       0x52 zephyr/drivers/gpio/libdrivers__gpio.a(gpio_mcux.c.obj)
 .text.gpio_mcux_port0_init
                0x0000000000002f4e       0x16 zephyr/drivers/gpio/libdrivers__gpio.a(gpio_mcux.c.obj)
 .text.gpio_mcux_port1_init
                0x0000000000002f64       0x16 zephyr/drivers/gpio/libdrivers__gpio.a(gpio_mcux.c.obj)
 .text.gpio_mcux_port2_init
                0x0000000000002f7a       0x16 zephyr/drivers/gpio/libdrivers__gpio.a(gpio_mcux.c.obj)
 .text.gpio_mcux_port3_init
                0x0000000000002f90       0x16 zephyr/drivers/gpio/libdrivers__gpio.a(gpio_mcux.c.obj)
 .text.gpio_mcux_pin_interrupt_configure
                0x0000000000002fa6       0x76 zephyr/drivers/gpio/libdrivers__gpio.a(gpio_mcux.c.obj)
 .text.gpio_mcux_port_isr
                0x000000000000301c       0x36 zephyr/drivers/gpio/libdrivers__gpio.a(gpio_mcux.c.obj)
 .text.pinctrl_lookup_state
                0x0000000000003052       0x26 zephyr/drivers/pinctrl/libdrivers__pinctrl.a(common.c.obj)
                0x0000000000003052                pinctrl_lookup_state
 .text.pinctrl_mcux_init
                0x0000000000003078       0x26 zephyr/drivers/pinctrl/libdrivers__pinctrl.a(pinctrl_nxp_port.c.obj)
 .text.mcux_lpuart_irq_update
                0x000000000000309e        0x4 zephyr/drivers/serial/libdrivers__serial.a(uart_mcux_lpuart.c.obj)
 .text.mcux_lpuart_irq_callback_set
                0x00000000000030a2        0x8 zephyr/drivers/serial/libdrivers__serial.a(uart_mcux_lpuart.c.obj)
 .text.mcux_lpuart_config_get
                0x00000000000030aa       0x10 zephyr/drivers/serial/libdrivers__serial.a(uart_mcux_lpuart.c.obj)
 .text.mcux_lpuart_irq_err_disable
                0x00000000000030ba        0xc zephyr/drivers/serial/libdrivers__serial.a(uart_mcux_lpuart.c.obj)
 .text.mcux_lpuart_irq_rx_disable
                0x00000000000030c6        0xc zephyr/drivers/serial/libdrivers__serial.a(uart_mcux_lpuart.c.obj)
 .text.mcux_lpuart_irq_tx_disable
                0x00000000000030d2        0xc zephyr/drivers/serial/libdrivers__serial.a(uart_mcux_lpuart.c.obj)
 .text.mcux_lpuart_irq_err_enable
                0x00000000000030de        0xc zephyr/drivers/serial/libdrivers__serial.a(uart_mcux_lpuart.c.obj)
 .text.mcux_lpuart_irq_rx_enable
                0x00000000000030ea        0xc zephyr/drivers/serial/libdrivers__serial.a(uart_mcux_lpuart.c.obj)
 .text.mcux_lpuart_irq_tx_enable
                0x00000000000030f6        0xc zephyr/drivers/serial/libdrivers__serial.a(uart_mcux_lpuart.c.obj)
 .text.mcux_lpuart_irq_rx_full
                0x0000000000003102       0x10 zephyr/drivers/serial/libdrivers__serial.a(uart_mcux_lpuart.c.obj)
 .text.mcux_lpuart_irq_tx_complete
                0x0000000000003112       0x10 zephyr/drivers/serial/libdrivers__serial.a(uart_mcux_lpuart.c.obj)
 .text.mcux_lpuart_irq_tx_ready
                0x0000000000003122       0x1e zephyr/drivers/serial/libdrivers__serial.a(uart_mcux_lpuart.c.obj)
 .text.mcux_lpuart_irq_is_pending
                0x0000000000003140       0x2c zephyr/drivers/serial/libdrivers__serial.a(uart_mcux_lpuart.c.obj)
 .text.mcux_lpuart_fifo_read
                0x000000000000316c       0x48 zephyr/drivers/serial/libdrivers__serial.a(uart_mcux_lpuart.c.obj)
 .text.mcux_lpuart_fifo_fill
                0x00000000000031b4       0x28 zephyr/drivers/serial/libdrivers__serial.a(uart_mcux_lpuart.c.obj)
 .text.mcux_lpuart_poll_out
                0x00000000000031dc       0x2c zephyr/drivers/serial/libdrivers__serial.a(uart_mcux_lpuart.c.obj)
 .text.mcux_lpuart_err_check
                0x0000000000003208       0x34 zephyr/drivers/serial/libdrivers__serial.a(uart_mcux_lpuart.c.obj)
 .text.mcux_lpuart_isr
                0x000000000000323c       0x2e zephyr/drivers/serial/libdrivers__serial.a(uart_mcux_lpuart.c.obj)
 .text.mcux_lpuart_config_func_0
                0x000000000000326a       0x16 zephyr/drivers/serial/libdrivers__serial.a(uart_mcux_lpuart.c.obj)
 .text.mcux_lpuart_config_func_1
                0x0000000000003280       0x16 zephyr/drivers/serial/libdrivers__serial.a(uart_mcux_lpuart.c.obj)
 .text.pinctrl_apply_state
                0x0000000000003296       0x1e zephyr/drivers/serial/libdrivers__serial.a(uart_mcux_lpuart.c.obj)
 .text.mcux_lpuart_config_pinctrl.isra.0
                0x00000000000032b4       0x20 zephyr/drivers/serial/libdrivers__serial.a(uart_mcux_lpuart.c.obj)
 .text.mcux_lpuart_configure_init
                0x00000000000032d4      0x15c zephyr/drivers/serial/libdrivers__serial.a(uart_mcux_lpuart.c.obj)
 .text.mcux_lpuart_init
                0x0000000000003430       0x38 zephyr/drivers/serial/libdrivers__serial.a(uart_mcux_lpuart.c.obj)
 .text.mcux_lpuart_configure
                0x0000000000003468       0x30 zephyr/drivers/serial/libdrivers__serial.a(uart_mcux_lpuart.c.obj)
 .text.mcux_lpuart_poll_in
                0x0000000000003498       0x40 zephyr/drivers/serial/libdrivers__serial.a(uart_mcux_lpuart.c.obj)
 .text.LPUART_GetDefaultConfig
                0x00000000000034d8       0x16 modules/hal_nxp/libmodules__hal_nxp.a(fsl_lpuart.c.obj)
                0x00000000000034d8                LPUART_GetDefaultConfig
 .text.LPUART_EnableInterrupts
                0x00000000000034ee       0x52 modules/hal_nxp/libmodules__hal_nxp.a(fsl_lpuart.c.obj)
                0x00000000000034ee                LPUART_EnableInterrupts
 .text.LPUART_DisableInterrupts
                0x0000000000003540       0x58 modules/hal_nxp/libmodules__hal_nxp.a(fsl_lpuart.c.obj)
                0x0000000000003540                LPUART_DisableInterrupts
 .text.SPC_SetSRAMOperateVoltage
                0x0000000000003598       0x24 modules/hal_nxp/libmodules__hal_nxp.a(fsl_spc.c.obj)
                0x0000000000003598                SPC_SetSRAMOperateVoltage
 .text.SPC_SetActiveModeCoreLDORegulatorVoltageLevel
                0x00000000000035bc       0x38 modules/hal_nxp/libmodules__hal_nxp.a(fsl_spc.c.obj)
                0x00000000000035bc                SPC_SetActiveModeCoreLDORegulatorVoltageLevel
 .text.SPC_SetActiveModeCoreLDORegulatorDriveStrength
                0x00000000000035f4       0x3c modules/hal_nxp/libmodules__hal_nxp.a(fsl_spc.c.obj)
                0x00000000000035f4                SPC_SetActiveModeCoreLDORegulatorDriveStrength
 .text.SPC_SetActiveModeCoreLDORegulatorConfig
                0x0000000000003630       0x60 modules/hal_nxp/libmodules__hal_nxp.a(fsl_spc.c.obj)
                0x0000000000003630                SPC_SetActiveModeCoreLDORegulatorConfig
 .text.OSTIMER_HandleIRQ
                0x0000000000003690       0x10 modules/hal_nxp/libmodules__hal_nxp.a(fsl_ostimer.c.obj)
                0x0000000000003690                OSTIMER_HandleIRQ
 .text.OSTIMER_GetCurrentTimerValue
                0x00000000000036a0       0x20 modules/hal_nxp/libmodules__hal_nxp.a(fsl_ostimer.c.obj)
                0x00000000000036a0                OSTIMER_GetCurrentTimerValue
 .text.OSTIMER_SetMatchValue
                0x00000000000036c0       0x10 modules/hal_nxp/libmodules__hal_nxp.a(fsl_ostimer.c.obj)
                0x00000000000036c0                OSTIMER_SetMatchValue
 .text.SystemInitHook
                0x00000000000036d0        0x2 modules/hal_nxp/libmodules__hal_nxp.a(system_MCXA153.c.obj)
                0x00000000000036d0                SystemInitHook
 .text.CLOCK_AttachClk
                0x00000000000036d2        0xe modules/hal_nxp/libmodules__hal_nxp.a(fsl_clock.c.obj)
                0x00000000000036d2                CLOCK_AttachClk
 .text.RESET_PeripheralReset
                0x00000000000036e0       0x12 modules/hal_nxp/libmodules__hal_nxp.a(fsl_reset.c.obj)
                0x00000000000036e0                RESET_PeripheralReset
 .text.do_device_init
                0x00000000000036f2       0x30 zephyr/kernel/libkernel.a(device.c.obj)
                0x00000000000036f2                do_device_init
 .text.z_impl_device_is_ready
                0x0000000000003722       0x16 zephyr/kernel/libkernel.a(device.c.obj)
                0x0000000000003722                z_impl_device_is_ready
 .text.arch_system_halt
                0x0000000000003738       0x10 zephyr/kernel/libkernel.a(fatal.c.obj)
                0x0000000000003738                arch_system_halt
 .text.k_sys_fatal_error_handler
                0x0000000000003748        0x6 zephyr/kernel/libkernel.a(fatal.c.obj)
                0x0000000000003748                k_sys_fatal_error_handler
 .text.idle     0x000000000000374e       0x16 zephyr/kernel/libkernel.a(idle.c.obj)
                0x000000000000374e                idle
 .text.sys_dlist_remove
                0x0000000000003764       0x10 zephyr/kernel/libkernel.a(sched.c.obj)
 .text.unpend_thread_no_timeout
                0x0000000000003774       0x14 zephyr/kernel/libkernel.a(sched.c.obj)
 .text.z_ready_thread
                0x0000000000003788       0x1e zephyr/kernel/libkernel.a(sched.c.obj)
                0x0000000000003788                z_ready_thread
 .text.z_sched_wake_thread
                0x00000000000037a6       0x3a zephyr/kernel/libkernel.a(sched.c.obj)
                0x00000000000037a6                z_sched_wake_thread
 .text.z_thread_timeout
                0x00000000000037e0        0x8 zephyr/kernel/libkernel.a(sched.c.obj)
                0x00000000000037e0                z_thread_timeout
 .text.z_impl_k_sleep
                0x00000000000037e8       0x3e zephyr/kernel/libkernel.a(sched.c.obj)
                0x00000000000037e8                z_impl_k_sleep
 .text.next_timeout
                0x0000000000003826       0x2e zephyr/kernel/libkernel.a(timeout.c.obj)
 .text.z_abort_timeout
                0x0000000000003854       0x50 zephyr/kernel/libkernel.a(timeout.c.obj)
                0x0000000000003854                z_abort_timeout
 .text.sys_clock_tick_get_32
                0x00000000000038a4        0x8 zephyr/kernel/libkernel.a(timeout.c.obj)
                0x00000000000038a4                sys_clock_tick_get_32
 .text.memcpy   0x00000000000038ac       0x1a /Users/tedd/zephyr-sdk-0.17.4/arm-zephyr-eabi/bin/../lib/gcc/../../picolibc/arm-zephyr-eabi/lib/thumb/v8-m.main/nofp/libc.a(memcpy.c.o)
                0x00000000000038ac                memcpy
                0x00000000000038ac                __aeabi_memcpy
                0x00000000000038ac                __aeabi_memcpy4
                0x00000000000038ac                __aeabi_memcpy8
 .text.memset   0x00000000000038c6       0x10 /Users/tedd/zephyr-sdk-0.17.4/arm-zephyr-eabi/bin/../lib/gcc/../../picolibc/arm-zephyr-eabi/lib/thumb/v8-m.main/nofp/libc.a(memset.c.o)
                0x00000000000038c6                memset
 .text.strnlen  0x00000000000038d6       0x18 /Users/tedd/zephyr-sdk-0.17.4/arm-zephyr-eabi/bin/../lib/gcc/../../picolibc/arm-zephyr-eabi/lib/thumb/v8-m.main/nofp/libc.a(libc_string_strnlen.c.o)
                0x00000000000038d6                strnlen
 .text.__ultoa_invert
                0x00000000000038ee       0xac /Users/tedd/zephyr-sdk-0.17.4/arm-zephyr-eabi/bin/../lib/gcc/../../picolibc/arm-zephyr-eabi/lib/thumb/v8-m.main/nofp/libc.a(libc_tinystdio_vflprintf.c.o)
 *(SORT_BY_ALIGNMENT(.TEXT.*))
 *fill*         0x000000000000399a        0x2 
 .TEXT.__aeabi_read_tp
                0x000000000000399c        0xc zephyr/arch/arch/arm/core/cortex_m/libarch__arm__core__cortex_m.a(__aeabi_read_tp.S.obj)
                0x000000000000399c                __aeabi_read_tp
 *(SORT_BY_ALIGNMENT(.gnu.linkonce.t.*))
 *(SORT_BY_ALIGNMENT(.glue_7t))
 .glue_7t       0x00000000000039a8        0x0 linker stubs
 *(SORT_BY_ALIGNMENT(.glue_7))
 .glue_7        0x00000000000039a8        0x0 linker stubs
 *(SORT_BY_ALIGNMENT(.vfp11_veneer))
 .vfp11_veneer  0x00000000000039a8        0x0 linker stubs
 *(SORT_BY_ALIGNMENT(.v4_bx))
 .v4_bx         0x00000000000039a8        0x0 linker stubs
                0x00000000000039a8                . = ALIGN (0x4)
                0x00000000000039a8                __text_region_end = .

.ARM.exidx      0x00000000000039a8        0x8
                0x00000000000039a8                __exidx_start = .
 *(SORT_BY_ALIGNMENT(.ARM.exidx*) SORT_BY_ALIGNMENT(gnu.linkonce.armexidx.*))
 .ARM.exidx     0x00000000000039a8        0x8 /Users/tedd/zephyr-sdk-0.17.4/arm-zephyr-eabi/bin/../lib/gcc/arm-zephyr-eabi/12.2.0/thumb/v8-m.main/nofp/libgcc.a(_udivmoddi4.o)
                0x00000000000039b0                __exidx_end = .
                0x00000000000039b0                __rodata_region_start = .

initlevel       0x00000000000039b0       0x70
                0x00000000000039b0                __init_start = .
                0x00000000000039b0                __init_EARLY_start = .
 *(SORT_BY_NAME(SORT_BY_ALIGNMENT(.z_init_EARLY_P_?_*)))
 *(SORT_BY_NAME(SORT_BY_ALIGNMENT(.z_init_EARLY_P_??_*)))
 *(SORT_BY_NAME(SORT_BY_ALIGNMENT(.z_init_EARLY_P_???_*)))
                0x00000000000039b0                __init_PRE_KERNEL_1_start = .
 *(SORT_BY_NAME(SORT_BY_ALIGNMENT(.z_init_PRE_KERNEL_1_P_?_*)))
 *(SORT_BY_NAME(SORT_BY_ALIGNMENT(.z_init_PRE_KERNEL_1_P_??_*)))
 .z_init_PRE_KERNEL_1_P_30_SUB_00010_
                0x00000000000039b0        0x8 zephyr/drivers/clock_control/libdrivers__clock_control.a(clock_control_mcux_syscon.c.obj)
 .z_init_PRE_KERNEL_1_P_40_SUB_00011_
                0x00000000000039b8        0x8 zephyr/drivers/pinctrl/libdrivers__pinctrl.a(pinctrl_nxp_port.c.obj)
 .z_init_PRE_KERNEL_1_P_40_SUB_00013_
                0x00000000000039c0        0x8 zephyr/drivers/pinctrl/libdrivers__pinctrl.a(pinctrl_nxp_port.c.obj)
 .z_init_PRE_KERNEL_1_P_40_SUB_00045_
                0x00000000000039c8        0x8 zephyr/drivers/pinctrl/libdrivers__pinctrl.a(pinctrl_nxp_port.c.obj)
 .z_init_PRE_KERNEL_1_P_40_SUB_00047_
                0x00000000000039d0        0x8 zephyr/drivers/pinctrl/libdrivers__pinctrl.a(pinctrl_nxp_port.c.obj)
 .z_init_PRE_KERNEL_1_P_50_SUB_00055_
                0x00000000000039d8        0x8 zephyr/drivers/serial/libdrivers__serial.a(uart_mcux_lpuart.c.obj)
 .z_init_PRE_KERNEL_1_P_50_SUB_00057_
                0x00000000000039e0        0x8 zephyr/drivers/serial/libdrivers__serial.a(uart_mcux_lpuart.c.obj)
 .z_init_PRE_KERNEL_1_P_60_SUB_0_
                0x00000000000039e8        0x8 zephyr/drivers/console/libdrivers__console.a(uart_console.c.obj)
 *(SORT_BY_NAME(SORT_BY_ALIGNMENT(.z_init_PRE_KERNEL_1_P_???_*)))
                0x00000000000039f0                __init_PRE_KERNEL_2_start = .
 *(SORT_BY_NAME(SORT_BY_ALIGNMENT(.z_init_PRE_KERNEL_2_P_?_*)))
 .z_init_PRE_KERNEL_2_P_0_SUB_0_
                0x00000000000039f0        0x8 zephyr/drivers/timer/libdrivers__timer.a(mcux_os_timer.c.obj)
 *(SORT_BY_NAME(SORT_BY_ALIGNMENT(.z_init_PRE_KERNEL_2_P_??_*)))
 *(SORT_BY_NAME(SORT_BY_ALIGNMENT(.z_init_PRE_KERNEL_2_P_???_*)))
                0x00000000000039f8                __init_POST_KERNEL_start = .
 *(SORT_BY_NAME(SORT_BY_ALIGNMENT(.z_init_POST_KERNEL_P_?_*)))
 *(SORT_BY_NAME(SORT_BY_ALIGNMENT(.z_init_POST_KERNEL_P_??_*)))
 .z_init_POST_KERNEL_P_35_SUB_0_
                0x00000000000039f8        0x8 zephyr/lib/libc/common/liblib__libc__common.a(malloc.c.obj)
 .z_init_POST_KERNEL_P_40_SUB_00012_
                0x0000000000003a00        0x8 zephyr/drivers/gpio/libdrivers__gpio.a(gpio_mcux.c.obj)
 .z_init_POST_KERNEL_P_40_SUB_00014_
                0x0000000000003a08        0x8 zephyr/drivers/gpio/libdrivers__gpio.a(gpio_mcux.c.obj)
 .z_init_POST_KERNEL_P_40_SUB_00046_
                0x0000000000003a10        0x8 zephyr/drivers/gpio/libdrivers__gpio.a(gpio_mcux.c.obj)
 .z_init_POST_KERNEL_P_40_SUB_00048_
                0x0000000000003a18        0x8 zephyr/drivers/gpio/libdrivers__gpio.a(gpio_mcux.c.obj)
 *(SORT_BY_NAME(SORT_BY_ALIGNMENT(.z_init_POST_KERNEL_P_???_*)))
                0x0000000000003a20                __init_APPLICATION_start = .
 *(SORT_BY_NAME(SORT_BY_ALIGNMENT(.z_init_APPLICATION_P_?_*)))
 *(SORT_BY_NAME(SORT_BY_ALIGNMENT(.z_init_APPLICATION_P_??_*)))
 *(SORT_BY_NAME(SORT_BY_ALIGNMENT(.z_init_APPLICATION_P_???_*)))
                0x0000000000003a20                __init_SMP_start = .
 *(SORT_BY_NAME(SORT_BY_ALIGNMENT(.z_init_SMP_P_?_*)))
 *(SORT_BY_NAME(SORT_BY_ALIGNMENT(.z_init_SMP_P_??_*)))
 *(SORT_BY_NAME(SORT_BY_ALIGNMENT(.z_init_SMP_P_???_*)))
                0x0000000000003a20                __init_end = .

device_area     0x0000000000003a20      0x160
                0x0000000000003a20                _device_list_start = .
 *(SORT_BY_NAME(SORT_BY_ALIGNMENT(._device.static.*_?_*)))
 *(SORT_BY_NAME(SORT_BY_ALIGNMENT(._device.static.*_??_*)))
 ._device.static.1_30_
                0x0000000000003a20       0x20 zephyr/drivers/clock_control/libdrivers__clock_control.a(clock_control_mcux_syscon.c.obj)
                0x0000000000003a20                __device_dts_ord_10
 ._device.static.1_40_
                0x0000000000003a40       0x80 zephyr/drivers/pinctrl/libdrivers__pinctrl.a(pinctrl_nxp_port.c.obj)
                0x0000000000003a40                __device_dts_ord_13
                0x0000000000003a60                __device_dts_ord_47
                0x0000000000003a80                __device_dts_ord_11
                0x0000000000003aa0                __device_dts_ord_45
 ._device.static.1_50_
                0x0000000000003ac0       0x40 zephyr/drivers/serial/libdrivers__serial.a(uart_mcux_lpuart.c.obj)
                0x0000000000003ac0                __device_dts_ord_57
                0x0000000000003ae0                __device_dts_ord_55
 ._device.static.3_40_
                0x0000000000003b00       0x80 zephyr/drivers/gpio/libdrivers__gpio.a(gpio_mcux.c.obj)
                0x0000000000003b00                __device_dts_ord_14
                0x0000000000003b20                __device_dts_ord_48
                0x0000000000003b40                __device_dts_ord_12
                0x0000000000003b60                __device_dts_ord_46
 *(SORT_BY_NAME(SORT_BY_ALIGNMENT(._device.static.*_???_*)))
 *(SORT_BY_NAME(SORT_BY_ALIGNMENT(._device.static.*_????_*)))
 *(SORT_BY_NAME(SORT_BY_ALIGNMENT(._device.static.*_?????_*)))
                0x0000000000003b80                _device_list_end = .

sw_isr_table    0x0000000000003b80      0x280
                0x0000000000003b80                . = ALIGN (0x4)
 *(SORT_BY_ALIGNMENT(.gnu.linkonce.sw_isr_table*))
 .gnu.linkonce.sw_isr_table
                0x0000000000003b80      0x280 zephyr/arch/common/libisr_tables.a(isr_tables.c.obj)
                0x0000000000003b80                _sw_isr_table

initlevel_error
                0x00000000000039b0        0x0
 *(SORT_BY_NAME(SORT_BY_ALIGNMENT(.z_init_*)))
                0x0000000000000001                ASSERT ((SIZEOF (initlevel_error) == 0x0), Undefined initialization levels used.)

app_shmem_regions
                0x0000000000003e00        0x0
                0x0000000000003e00                __app_shmem_regions_start = .
 *(SORT_BY_NAME(SORT_BY_ALIGNMENT(.app_regions.*)))
                0x0000000000003e00                __app_shmem_regions_end = .

k_p4wq_initparam_area
                0x0000000000003e00        0x0
                0x0000000000003e00                _k_p4wq_initparam_list_start = .
 *(SORT_BY_NAME(SORT_BY_ALIGNMENT(._k_p4wq_initparam.static.*)))
                0x0000000000003e00                _k_p4wq_initparam_list_end = .

_static_thread_data_area
                0x0000000000003e00        0x0
                0x0000000000003e00                __static_thread_data_list_start = .
 *(SORT_BY_NAME(SORT_BY_ALIGNMENT(.__static_thread_data.static.*)))
                0x0000000000003e00                __static_thread_data_list_end = .

device_deps     0x0000000000003e00        0x0
                0x0000000000003e00                __device_deps_start = .
 *(SORT_BY_NAME(SORT_BY_ALIGNMENT(.__device_deps_pass2*)))
                0x0000000000003e00                __device_deps_end = .

gpio_driver_api_area
                0x0000000000003e00       0x24
                0x0000000000003e00                _gpio_driver_api_list_start = .
 *(SORT_BY_NAME(SORT_BY_ALIGNMENT(._gpio_driver_api.static.*)))
 ._gpio_driver_api.static.gpio_mcux_driver_api_
                0x0000000000003e00       0x24 zephyr/drivers/gpio/libdrivers__gpio.a(gpio_mcux.c.obj)
                0x0000000000003e24                _gpio_driver_api_list_end = .

shared_irq_driver_api_area
                0x0000000000003e24        0x0
                0x0000000000003e24                _shared_irq_driver_api_list_start = .
 *(SORT_BY_NAME(SORT_BY_ALIGNMENT(._shared_irq_driver_api.static.*)))
                0x0000000000003e24                _shared_irq_driver_api_list_end = .

crypto_driver_api_area
                0x0000000000003e24        0x0
                0x0000000000003e24                _crypto_driver_api_list_start = .
 *(SORT_BY_NAME(SORT_BY_ALIGNMENT(._crypto_driver_api.static.*)))
                0x0000000000003e24                _crypto_driver_api_list_end = .

adc_driver_api_area
                0x0000000000003e24        0x0
                0x0000000000003e24                _adc_driver_api_list_start = .
 *(SORT_BY_NAME(SORT_BY_ALIGNMENT(._adc_driver_api.static.*)))
                0x0000000000003e24                _adc_driver_api_list_end = .

auxdisplay_driver_api_area
                0x0000000000003e24        0x0
                0x0000000000003e24                _auxdisplay_driver_api_list_start = .
 *(SORT_BY_NAME(SORT_BY_ALIGNMENT(._auxdisplay_driver_api.static.*)))
                0x0000000000003e24                _auxdisplay_driver_api_list_end = .

bbram_driver_api_area
                0x0000000000003e24        0x0
                0x0000000000003e24                _bbram_driver_api_list_start = .
 *(SORT_BY_NAME(SORT_BY_ALIGNMENT(._bbram_driver_api.static.*)))
                0x0000000000003e24                _bbram_driver_api_list_end = .

bt_hci_driver_api_area
                0x0000000000003e24        0x0
                0x0000000000003e24                _bt_hci_driver_api_list_start = .
 *(SORT_BY_NAME(SORT_BY_ALIGNMENT(._bt_hci_driver_api.static.*)))
                0x0000000000003e24                _bt_hci_driver_api_list_end = .

can_driver_api_area
                0x0000000000003e24        0x0
                0x0000000000003e24                _can_driver_api_list_start = .
 *(SORT_BY_NAME(SORT_BY_ALIGNMENT(._can_driver_api.static.*)))
                0x0000000000003e24                _can_driver_api_list_end = .

cellular_driver_api_area
                0x0000000000003e24        0x0
                0x0000000000003e24                _cellular_driver_api_list_start = .
 *(SORT_BY_NAME(SORT_BY_ALIGNMENT(._cellular_driver_api.static.*)))
                0x0000000000003e24                _cellular_driver_api_list_end = .

charger_driver_api_area
                0x0000000000003e24        0x0
                0x0000000000003e24                _charger_driver_api_list_start = .
 *(SORT_BY_NAME(SORT_BY_ALIGNMENT(._charger_driver_api.static.*)))
                0x0000000000003e24                _charger_driver_api_list_end = .

clock_control_driver_api_area
                0x0000000000003e24       0x1c
                0x0000000000003e24                _clock_control_driver_api_list_start = .
 *(SORT_BY_NAME(SORT_BY_ALIGNMENT(._clock_control_driver_api.static.*)))
 ._clock_control_driver_api.static.mcux_lpc_syscon_api_
                0x0000000000003e24       0x1c zephyr/drivers/clock_control/libdrivers__clock_control.a(clock_control_mcux_syscon.c.obj)
                0x0000000000003e40                _clock_control_driver_api_list_end = .

comparator_driver_api_area
                0x0000000000003e40        0x0
                0x0000000000003e40                _comparator_driver_api_list_start = .
 *(SORT_BY_NAME(SORT_BY_ALIGNMENT(._comparator_driver_api.static.*)))
                0x0000000000003e40                _comparator_driver_api_list_end = .

coredump_driver_api_area
                0x0000000000003e40        0x0
                0x0000000000003e40                _coredump_driver_api_list_start = .
 *(SORT_BY_NAME(SORT_BY_ALIGNMENT(._coredump_driver_api.static.*)))
                0x0000000000003e40                _coredump_driver_api_list_end = .

counter_driver_api_area
                0x0000000000003e40        0x0
                0x0000000000003e40                _counter_driver_api_list_start = .
 *(SORT_BY_NAME(SORT_BY_ALIGNMENT(._counter_driver_api.static.*)))
                0x0000000000003e40                _counter_driver_api_list_end = .

crc_driver_api_area
                0x0000000000003e40        0x0
                0x0000000000003e40                _crc_driver_api_list_start = .
 *(SORT_BY_NAME(SORT_BY_ALIGNMENT(._crc_driver_api.static.*)))
                0x0000000000003e40                _crc_driver_api_list_end = .

dac_driver_api_area
                0x0000000000003e40        0x0
                0x0000000000003e40                _dac_driver_api_list_start = .
 *(SORT_BY_NAME(SORT_BY_ALIGNMENT(._dac_driver_api.static.*)))
                0x0000000000003e40                _dac_driver_api_list_end = .

dai_driver_api_area
                0x0000000000003e40        0x0
                0x0000000000003e40                _dai_driver_api_list_start = .
 *(SORT_BY_NAME(SORT_BY_ALIGNMENT(._dai_driver_api.static.*)))
                0x0000000000003e40                _dai_driver_api_list_end = .

display_driver_api_area
                0x0000000000003e40        0x0
                0x0000000000003e40                _display_driver_api_list_start = .
 *(SORT_BY_NAME(SORT_BY_ALIGNMENT(._display_driver_api.static.*)))
                0x0000000000003e40                _display_driver_api_list_end = .

dma_driver_api_area
                0x0000000000003e40        0x0
                0x0000000000003e40                _dma_driver_api_list_start = .
 *(SORT_BY_NAME(SORT_BY_ALIGNMENT(._dma_driver_api.static.*)))
                0x0000000000003e40                _dma_driver_api_list_end = .

edac_driver_api_area
                0x0000000000003e40        0x0
                0x0000000000003e40                _edac_driver_api_list_start = .
 *(SORT_BY_NAME(SORT_BY_ALIGNMENT(._edac_driver_api.static.*)))
                0x0000000000003e40                _edac_driver_api_list_end = .

eeprom_driver_api_area
                0x0000000000003e40        0x0
                0x0000000000003e40                _eeprom_driver_api_list_start = .
 *(SORT_BY_NAME(SORT_BY_ALIGNMENT(._eeprom_driver_api.static.*)))
                0x0000000000003e40                _eeprom_driver_api_list_end = .

emul_bbram_driver_api_area
                0x0000000000003e40        0x0
                0x0000000000003e40                _emul_bbram_driver_api_list_start = .
 *(SORT_BY_NAME(SORT_BY_ALIGNMENT(._emul_bbram_driver_api.static.*)))
                0x0000000000003e40                _emul_bbram_driver_api_list_end = .

fuel_gauge_emul_driver_api_area
                0x0000000000003e40        0x0
                0x0000000000003e40                _fuel_gauge_emul_driver_api_list_start = .
 *(SORT_BY_NAME(SORT_BY_ALIGNMENT(._fuel_gauge_emul_driver_api.static.*)))
                0x0000000000003e40                _fuel_gauge_emul_driver_api_list_end = .

emul_sensor_driver_api_area
                0x0000000000003e40        0x0
                0x0000000000003e40                _emul_sensor_driver_api_list_start = .
 *(SORT_BY_NAME(SORT_BY_ALIGNMENT(._emul_sensor_driver_api.static.*)))
                0x0000000000003e40                _emul_sensor_driver_api_list_end = .

entropy_driver_api_area
                0x0000000000003e40        0x0
                0x0000000000003e40                _entropy_driver_api_list_start = .
 *(SORT_BY_NAME(SORT_BY_ALIGNMENT(._entropy_driver_api.static.*)))
                0x0000000000003e40                _entropy_driver_api_list_end = .

espi_driver_api_area
                0x0000000000003e40        0x0
                0x0000000000003e40                _espi_driver_api_list_start = .
 *(SORT_BY_NAME(SORT_BY_ALIGNMENT(._espi_driver_api.static.*)))
                0x0000000000003e40                _espi_driver_api_list_end = .

espi_saf_driver_api_area
                0x0000000000003e40        0x0
                0x0000000000003e40                _espi_saf_driver_api_list_start = .
 *(SORT_BY_NAME(SORT_BY_ALIGNMENT(._espi_saf_driver_api.static.*)))
                0x0000000000003e40                _espi_saf_driver_api_list_end = .

flash_driver_api_area
                0x0000000000003e40        0x0
                0x0000000000003e40                _flash_driver_api_list_start = .
 *(SORT_BY_NAME(SORT_BY_ALIGNMENT(._flash_driver_api.static.*)))
                0x0000000000003e40                _flash_driver_api_list_end = .

fpga_driver_api_area
                0x0000000000003e40        0x0
                0x0000000000003e40                _fpga_driver_api_list_start = .
 *(SORT_BY_NAME(SORT_BY_ALIGNMENT(._fpga_driver_api.static.*)))
                0x0000000000003e40                _fpga_driver_api_list_end = .

fuel_gauge_driver_api_area
                0x0000000000003e40        0x0
                0x0000000000003e40                _fuel_gauge_driver_api_list_start = .
 *(SORT_BY_NAME(SORT_BY_ALIGNMENT(._fuel_gauge_driver_api.static.*)))
                0x0000000000003e40                _fuel_gauge_driver_api_list_end = .

gnss_driver_api_area
                0x0000000000003e40        0x0
                0x0000000000003e40                _gnss_driver_api_list_start = .
 *(SORT_BY_NAME(SORT_BY_ALIGNMENT(._gnss_driver_api.static.*)))
                0x0000000000003e40                _gnss_driver_api_list_end = .

haptics_driver_api_area
                0x0000000000003e40        0x0
                0x0000000000003e40                _haptics_driver_api_list_start = .
 *(SORT_BY_NAME(SORT_BY_ALIGNMENT(._haptics_driver_api.static.*)))
                0x0000000000003e40                _haptics_driver_api_list_end = .

hwspinlock_driver_api_area
                0x0000000000003e40        0x0
                0x0000000000003e40                _hwspinlock_driver_api_list_start = .
 *(SORT_BY_NAME(SORT_BY_ALIGNMENT(._hwspinlock_driver_api.static.*)))
                0x0000000000003e40                _hwspinlock_driver_api_list_end = .

i2c_driver_api_area
                0x0000000000003e40        0x0
                0x0000000000003e40                _i2c_driver_api_list_start = .
 *(SORT_BY_NAME(SORT_BY_ALIGNMENT(._i2c_driver_api.static.*)))
                0x0000000000003e40                _i2c_driver_api_list_end = .

i2c_target_driver_api_area
                0x0000000000003e40        0x0
                0x0000000000003e40                _i2c_target_driver_api_list_start = .
 *(SORT_BY_NAME(SORT_BY_ALIGNMENT(._i2c_target_driver_api.static.*)))
                0x0000000000003e40                _i2c_target_driver_api_list_end = .

i2s_driver_api_area
                0x0000000000003e40        0x0
                0x0000000000003e40                _i2s_driver_api_list_start = .
 *(SORT_BY_NAME(SORT_BY_ALIGNMENT(._i2s_driver_api.static.*)))
                0x0000000000003e40                _i2s_driver_api_list_end = .

i3c_driver_api_area
                0x0000000000003e40        0x0
                0x0000000000003e40                _i3c_driver_api_list_start = .
 *(SORT_BY_NAME(SORT_BY_ALIGNMENT(._i3c_driver_api.static.*)))
                0x0000000000003e40                _i3c_driver_api_list_end = .

ipm_driver_api_area
                0x0000000000003e40        0x0
                0x0000000000003e40                _ipm_driver_api_list_start = .
 *(SORT_BY_NAME(SORT_BY_ALIGNMENT(._ipm_driver_api.static.*)))
                0x0000000000003e40                _ipm_driver_api_list_end = .

led_driver_api_area
                0x0000000000003e40        0x0
                0x0000000000003e40                _led_driver_api_list_start = .
 *(SORT_BY_NAME(SORT_BY_ALIGNMENT(._led_driver_api.static.*)))
                0x0000000000003e40                _led_driver_api_list_end = .

led_strip_driver_api_area
                0x0000000000003e40        0x0
                0x0000000000003e40                _led_strip_driver_api_list_start = .
 *(SORT_BY_NAME(SORT_BY_ALIGNMENT(._led_strip_driver_api.static.*)))
                0x0000000000003e40                _led_strip_driver_api_list_end = .

lora_driver_api_area
                0x0000000000003e40        0x0
                0x0000000000003e40                _lora_driver_api_list_start = .
 *(SORT_BY_NAME(SORT_BY_ALIGNMENT(._lora_driver_api.static.*)))
                0x0000000000003e40                _lora_driver_api_list_end = .

mbox_driver_api_area
                0x0000000000003e40        0x0
                0x0000000000003e40                _mbox_driver_api_list_start = .
 *(SORT_BY_NAME(SORT_BY_ALIGNMENT(._mbox_driver_api.static.*)))
                0x0000000000003e40                _mbox_driver_api_list_end = .

mdio_driver_api_area
                0x0000000000003e40        0x0
                0x0000000000003e40                _mdio_driver_api_list_start = .
 *(SORT_BY_NAME(SORT_BY_ALIGNMENT(._mdio_driver_api.static.*)))
                0x0000000000003e40                _mdio_driver_api_list_end = .

mipi_dbi_driver_api_area
                0x0000000000003e40        0x0
                0x0000000000003e40                _mipi_dbi_driver_api_list_start = .
 *(SORT_BY_NAME(SORT_BY_ALIGNMENT(._mipi_dbi_driver_api.static.*)))
                0x0000000000003e40                _mipi_dbi_driver_api_list_end = .

mipi_dsi_driver_api_area
                0x0000000000003e40        0x0
                0x0000000000003e40                _mipi_dsi_driver_api_list_start = .
 *(SORT_BY_NAME(SORT_BY_ALIGNMENT(._mipi_dsi_driver_api.static.*)))
                0x0000000000003e40                _mipi_dsi_driver_api_list_end = .

mspi_driver_api_area
                0x0000000000003e40        0x0
                0x0000000000003e40                _mspi_driver_api_list_start = .
 *(SORT_BY_NAME(SORT_BY_ALIGNMENT(._mspi_driver_api.static.*)))
                0x0000000000003e40                _mspi_driver_api_list_end = .

opamp_driver_api_area
                0x0000000000003e40        0x0
                0x0000000000003e40                _opamp_driver_api_list_start = .
 *(SORT_BY_NAME(SORT_BY_ALIGNMENT(._opamp_driver_api.static.*)))
                0x0000000000003e40                _opamp_driver_api_list_end = .

peci_driver_api_area
                0x0000000000003e40        0x0
                0x0000000000003e40                _peci_driver_api_list_start = .
 *(SORT_BY_NAME(SORT_BY_ALIGNMENT(._peci_driver_api.static.*)))
                0x0000000000003e40                _peci_driver_api_list_end = .

ps2_driver_api_area
                0x0000000000003e40        0x0
                0x0000000000003e40                _ps2_driver_api_list_start = .
 *(SORT_BY_NAME(SORT_BY_ALIGNMENT(._ps2_driver_api.static.*)))
                0x0000000000003e40                _ps2_driver_api_list_end = .

ptp_clock_driver_api_area
                0x0000000000003e40        0x0
                0x0000000000003e40                _ptp_clock_driver_api_list_start = .
 *(SORT_BY_NAME(SORT_BY_ALIGNMENT(._ptp_clock_driver_api.static.*)))
                0x0000000000003e40                _ptp_clock_driver_api_list_end = .

pwm_driver_api_area
                0x0000000000003e40        0x0
                0x0000000000003e40                _pwm_driver_api_list_start = .
 *(SORT_BY_NAME(SORT_BY_ALIGNMENT(._pwm_driver_api.static.*)))
                0x0000000000003e40                _pwm_driver_api_list_end = .

regulator_parent_driver_api_area
                0x0000000000003e40        0x0
                0x0000000000003e40                _regulator_parent_driver_api_list_start = .
 *(SORT_BY_NAME(SORT_BY_ALIGNMENT(._regulator_parent_driver_api.static.*)))
                0x0000000000003e40                _regulator_parent_driver_api_list_end = .

regulator_driver_api_area
                0x0000000000003e40        0x0
                0x0000000000003e40                _regulator_driver_api_list_start = .
 *(SORT_BY_NAME(SORT_BY_ALIGNMENT(._regulator_driver_api.static.*)))
                0x0000000000003e40                _regulator_driver_api_list_end = .

reset_driver_api_area
                0x0000000000003e40        0x0
                0x0000000000003e40                _reset_driver_api_list_start = .
 *(SORT_BY_NAME(SORT_BY_ALIGNMENT(._reset_driver_api.static.*)))
                0x0000000000003e40                _reset_driver_api_list_end = .

retained_mem_driver_api_area
                0x0000000000003e40        0x0
                0x0000000000003e40                _retained_mem_driver_api_list_start = .
 *(SORT_BY_NAME(SORT_BY_ALIGNMENT(._retained_mem_driver_api.static.*)))
                0x0000000000003e40                _retained_mem_driver_api_list_end = .

rtc_driver_api_area
                0x0000000000003e40        0x0
                0x0000000000003e40                _rtc_driver_api_list_start = .
 *(SORT_BY_NAME(SORT_BY_ALIGNMENT(._rtc_driver_api.static.*)))
                0x0000000000003e40                _rtc_driver_api_list_end = .

sdhc_driver_api_area
                0x0000000000003e40        0x0
                0x0000000000003e40                _sdhc_driver_api_list_start = .
 *(SORT_BY_NAME(SORT_BY_ALIGNMENT(._sdhc_driver_api.static.*)))
                0x0000000000003e40                _sdhc_driver_api_list_end = .

sensor_driver_api_area
                0x0000000000003e40        0x0
                0x0000000000003e40                _sensor_driver_api_list_start = .
 *(SORT_BY_NAME(SORT_BY_ALIGNMENT(._sensor_driver_api.static.*)))
                0x0000000000003e40                _sensor_driver_api_list_end = .

smbus_driver_api_area
                0x0000000000003e40        0x0
                0x0000000000003e40                _smbus_driver_api_list_start = .
 *(SORT_BY_NAME(SORT_BY_ALIGNMENT(._smbus_driver_api.static.*)))
                0x0000000000003e40                _smbus_driver_api_list_end = .

spi_driver_api_area
                0x0000000000003e40        0x0
                0x0000000000003e40                _spi_driver_api_list_start = .
 *(SORT_BY_NAME(SORT_BY_ALIGNMENT(._spi_driver_api.static.*)))
                0x0000000000003e40                _spi_driver_api_list_end = .

stepper_driver_api_area
                0x0000000000003e40        0x0
                0x0000000000003e40                _stepper_driver_api_list_start = .
 *(SORT_BY_NAME(SORT_BY_ALIGNMENT(._stepper_driver_api.static.*)))
                0x0000000000003e40                _stepper_driver_api_list_end = .

syscon_driver_api_area
                0x0000000000003e40        0x0
                0x0000000000003e40                _syscon_driver_api_list_start = .
 *(SORT_BY_NAME(SORT_BY_ALIGNMENT(._syscon_driver_api.static.*)))
                0x0000000000003e40                _syscon_driver_api_list_end = .

tee_driver_api_area
                0x0000000000003e40        0x0
                0x0000000000003e40                _tee_driver_api_list_start = .
 *(SORT_BY_NAME(SORT_BY_ALIGNMENT(._tee_driver_api.static.*)))
                0x0000000000003e40                _tee_driver_api_list_end = .

video_driver_api_area
                0x0000000000003e40        0x0
                0x0000000000003e40                _video_driver_api_list_start = .
 *(SORT_BY_NAME(SORT_BY_ALIGNMENT(._video_driver_api.static.*)))
                0x0000000000003e40                _video_driver_api_list_end = .

virtio_driver_api_area
                0x0000000000003e40        0x0
                0x0000000000003e40                _virtio_driver_api_list_start = .
 *(SORT_BY_NAME(SORT_BY_ALIGNMENT(._virtio_driver_api.static.*)))
                0x0000000000003e40                _virtio_driver_api_list_end = .

w1_driver_api_area
                0x0000000000003e40        0x0
                0x0000000000003e40                _w1_driver_api_list_start = .
 *(SORT_BY_NAME(SORT_BY_ALIGNMENT(._w1_driver_api.static.*)))
                0x0000000000003e40                _w1_driver_api_list_end = .

wdt_driver_api_area
                0x0000000000003e40        0x0
                0x0000000000003e40                _wdt_driver_api_list_start = .
 *(SORT_BY_NAME(SORT_BY_ALIGNMENT(._wdt_driver_api.static.*)))
                0x0000000000003e40                _wdt_driver_api_list_end = .

can_transceiver_driver_api_area
                0x0000000000003e40        0x0
                0x0000000000003e40                _can_transceiver_driver_api_list_start = .
 *(SORT_BY_NAME(SORT_BY_ALIGNMENT(._can_transceiver_driver_api.static.*)))
                0x0000000000003e40                _can_transceiver_driver_api_list_end = .

nrf_clock_control_driver_api_area
                0x0000000000003e40        0x0
                0x0000000000003e40                _nrf_clock_control_driver_api_list_start = .
 *(SORT_BY_NAME(SORT_BY_ALIGNMENT(._nrf_clock_control_driver_api.static.*)))
                0x0000000000003e40                _nrf_clock_control_driver_api_list_end = .

i3c_target_driver_api_area
                0x0000000000003e40        0x0
                0x0000000000003e40                _i3c_target_driver_api_list_start = .
 *(SORT_BY_NAME(SORT_BY_ALIGNMENT(._i3c_target_driver_api.static.*)))
                0x0000000000003e40                _i3c_target_driver_api_list_end = .

its_driver_api_area
                0x0000000000003e40        0x0
                0x0000000000003e40                _its_driver_api_list_start = .
 *(SORT_BY_NAME(SORT_BY_ALIGNMENT(._its_driver_api.static.*)))
                0x0000000000003e40                _its_driver_api_list_end = .

vtd_driver_api_area
                0x0000000000003e40        0x0
                0x0000000000003e40                _vtd_driver_api_list_start = .
 *(SORT_BY_NAME(SORT_BY_ALIGNMENT(._vtd_driver_api.static.*)))
                0x0000000000003e40                _vtd_driver_api_list_end = .

renesas_elc_driver_api_area
                0x0000000000003e40        0x0
                0x0000000000003e40                _renesas_elc_driver_api_list_start = .
 *(SORT_BY_NAME(SORT_BY_ALIGNMENT(._renesas_elc_driver_api.static.*)))
                0x0000000000003e40                _renesas_elc_driver_api_list_end = .

tgpio_driver_api_area
                0x0000000000003e40        0x0
                0x0000000000003e40                _tgpio_driver_api_list_start = .
 *(SORT_BY_NAME(SORT_BY_ALIGNMENT(._tgpio_driver_api.static.*)))
                0x0000000000003e40                _tgpio_driver_api_list_end = .

pcie_ctrl_driver_api_area
                0x0000000000003e40        0x0
                0x0000000000003e40                _pcie_ctrl_driver_api_list_start = .
 *(SORT_BY_NAME(SORT_BY_ALIGNMENT(._pcie_ctrl_driver_api.static.*)))
                0x0000000000003e40                _pcie_ctrl_driver_api_list_end = .

pcie_ep_driver_api_area
                0x0000000000003e40        0x0
                0x0000000000003e40                _pcie_ep_driver_api_list_start = .
 *(SORT_BY_NAME(SORT_BY_ALIGNMENT(._pcie_ep_driver_api.static.*)))
                0x0000000000003e40                _pcie_ep_driver_api_list_end = .

psi5_driver_api_area
                0x0000000000003e40        0x0
                0x0000000000003e40                _psi5_driver_api_list_start = .
 *(SORT_BY_NAME(SORT_BY_ALIGNMENT(._psi5_driver_api.static.*)))
                0x0000000000003e40                _psi5_driver_api_list_end = .

sent_driver_api_area
                0x0000000000003e40        0x0
                0x0000000000003e40                _sent_driver_api_list_start = .
 *(SORT_BY_NAME(SORT_BY_ALIGNMENT(._sent_driver_api.static.*)))
                0x0000000000003e40                _sent_driver_api_list_end = .

svc_driver_api_area
                0x0000000000003e40        0x0
                0x0000000000003e40                _svc_driver_api_list_start = .
 *(SORT_BY_NAME(SORT_BY_ALIGNMENT(._svc_driver_api.static.*)))
                0x0000000000003e40                _svc_driver_api_list_end = .

uart_driver_api_area
                0x0000000000003e40       0x4c
                0x0000000000003e40                _uart_driver_api_list_start = .
 *(SORT_BY_NAME(SORT_BY_ALIGNMENT(._uart_driver_api.static.*)))
 ._uart_driver_api.static.mcux_lpuart_driver_api_
                0x0000000000003e40       0x4c zephyr/drivers/serial/libdrivers__serial.a(uart_mcux_lpuart.c.obj)
                0x0000000000003e8c                _uart_driver_api_list_end = .

bc12_emul_driver_api_area
                0x0000000000003e8c        0x0
                0x0000000000003e8c                _bc12_emul_driver_api_list_start = .
 *(SORT_BY_NAME(SORT_BY_ALIGNMENT(._bc12_emul_driver_api.static.*)))
                0x0000000000003e8c                _bc12_emul_driver_api_list_end = .

bc12_driver_api_area
                0x0000000000003e8c        0x0
                0x0000000000003e8c                _bc12_driver_api_list_start = .
 *(SORT_BY_NAME(SORT_BY_ALIGNMENT(._bc12_driver_api.static.*)))
                0x0000000000003e8c                _bc12_driver_api_list_end = .

usbc_ppc_driver_api_area
                0x0000000000003e8c        0x0
                0x0000000000003e8c                _usbc_ppc_driver_api_list_start = .
 *(SORT_BY_NAME(SORT_BY_ALIGNMENT(._usbc_ppc_driver_api.static.*)))
                0x0000000000003e8c                _usbc_ppc_driver_api_list_end = .

tcpc_driver_api_area
                0x0000000000003e8c        0x0
                0x0000000000003e8c                _tcpc_driver_api_list_start = .
 *(SORT_BY_NAME(SORT_BY_ALIGNMENT(._tcpc_driver_api.static.*)))
                0x0000000000003e8c                _tcpc_driver_api_list_end = .

usbc_vbus_driver_api_area
                0x0000000000003e8c        0x0
                0x0000000000003e8c                _usbc_vbus_driver_api_list_start = .
 *(SORT_BY_NAME(SORT_BY_ALIGNMENT(._usbc_vbus_driver_api.static.*)))
                0x0000000000003e8c                _usbc_vbus_driver_api_list_end = .

ivshmem_driver_api_area
                0x0000000000003e8c        0x0
                0x0000000000003e8c                _ivshmem_driver_api_list_start = .
 *(SORT_BY_NAME(SORT_BY_ALIGNMENT(._ivshmem_driver_api.static.*)))
                0x0000000000003e8c                _ivshmem_driver_api_list_end = .

ethphy_driver_api_area
                0x0000000000003e8c        0x0
                0x0000000000003e8c                _ethphy_driver_api_list_start = .
 *(SORT_BY_NAME(SORT_BY_ALIGNMENT(._ethphy_driver_api.static.*)))
                0x0000000000003e8c                _ethphy_driver_api_list_end = .

ztest           0x0000000000003e8c        0x0
                0x0000000000003e8c                _ztest_expected_result_entry_list_start = .
 *(SORT_BY_NAME(SORT_BY_ALIGNMENT(._ztest_expected_result_entry.static.*)))
                0x0000000000003e8c                _ztest_expected_result_entry_list_end = .
                0x0000000000003e8c                _ztest_suite_node_list_start = .
 *(SORT_BY_NAME(SORT_BY_ALIGNMENT(._ztest_suite_node.static.*)))
                0x0000000000003e8c                _ztest_suite_node_list_end = .
                0x0000000000003e8c                _ztest_unit_test_list_start = .
 *(SORT_BY_NAME(SORT_BY_ALIGNMENT(._ztest_unit_test.static.*)))
                0x0000000000003e8c                _ztest_unit_test_list_end = .
                0x0000000000003e8c                _ztest_test_rule_list_start = .
 *(SORT_BY_NAME(SORT_BY_ALIGNMENT(._ztest_test_rule.static.*)))
                0x0000000000003e8c                _ztest_test_rule_list_end = .

init_array      0x0000000000003e8c        0x0
                0x0000000000003e8c                __zephyr_init_array_start = .
 *(SORT_BY_INIT_PRIORITY(.init_array.*) SORT_BY_INIT_PRIORITY(.ctors.*))
 *(SORT_BY_ALIGNMENT(.init_array) SORT_BY_ALIGNMENT(.ctors))
                0x0000000000003e8c                __zephyr_init_array_end = .
                0x0000000000000001                ASSERT ((__zephyr_init_array_start == __zephyr_init_array_end), GNU-style constructors required but STATIC_INIT_GNU not enabled)

bt_l2cap_fixed_chan_area
                0x0000000000003e8c        0x0
                0x0000000000003e8c                _bt_l2cap_fixed_chan_list_start = .
 *(SORT_BY_NAME(SORT_BY_ALIGNMENT(._bt_l2cap_fixed_chan.static.*)))
                0x0000000000003e8c                _bt_l2cap_fixed_chan_list_end = .

bt_gatt_service_static_area
                0x0000000000003e8c        0x0
                0x0000000000003e8c                _bt_gatt_service_static_list_start = .
 *(SORT_BY_NAME(SORT_BY_ALIGNMENT(._bt_gatt_service_static.static.*)))
                0x0000000000003e8c                _bt_gatt_service_static_list_end = .

log_strings_area
                0x0000000000003e8c        0x0
                0x0000000000003e8c                _log_strings_list_start = .
 *(SORT_BY_NAME(SORT_BY_ALIGNMENT(._log_strings.static.*)))
                0x0000000000003e8c                _log_strings_list_end = .

log_stmesp_ptr_area
                0x0000000000003e8c        0x0
                0x0000000000003e8c                _log_stmesp_ptr_list_start = .
 *(SORT_BY_NAME(SORT_BY_ALIGNMENT(._log_stmesp_ptr.static.*)))
                0x0000000000003e8c                _log_stmesp_ptr_list_end = .

log_stmesp_str_area
                0x0000000000003e8c        0x0
                0x0000000000003e8c                _log_stmesp_str_list_start = .
 *(SORT_BY_NAME(SORT_BY_ALIGNMENT(._log_stmesp_str.static.*)))
                0x0000000000003e8c                _log_stmesp_str_list_end = .

log_const_area  0x0000000000003e8c        0x0
                0x0000000000003e8c                _log_const_list_start = .
 *(SORT_BY_NAME(SORT_BY_ALIGNMENT(._log_const.static.*)))
                0x0000000000003e8c                _log_const_list_end = .

log_backend_area
                0x0000000000003e8c        0x0
                0x0000000000003e8c                _log_backend_list_start = .
 *(SORT_BY_NAME(SORT_BY_ALIGNMENT(._log_backend.static.*)))
                0x0000000000003e8c                _log_backend_list_end = .

log_link_area   0x0000000000003e8c        0x0
                0x0000000000003e8c                _log_link_list_start = .
 *(SORT_BY_NAME(SORT_BY_ALIGNMENT(._log_link.static.*)))
                0x0000000000003e8c                _log_link_list_end = .

tracing_backend_area
                0x0000000000003e8c        0x0
                0x0000000000003e8c                _tracing_backend_list_start = .
 *(SORT_BY_NAME(SORT_BY_ALIGNMENT(._tracing_backend.static.*)))
                0x0000000000003e8c                _tracing_backend_list_end = .

zephyr_dbg_info
 *(SORT_BY_ALIGNMENT(.dbg_thread_info))

intc_table_area
                0x0000000000003e8c        0x0
                0x0000000000003e8c                _intc_table_list_start = .
 *(SORT_BY_NAME(SORT_BY_ALIGNMENT(._intc_table.static.*)))
                0x0000000000003e8c                _intc_table_list_end = .

symbol_to_keep  0x0000000000003e8c        0x0
                0x0000000000003e8c                __symbol_to_keep_start = .
 *(SORT_BY_NAME(SORT_BY_ALIGNMENT(.symbol_to_keep*)))
                0x0000000000003e8c                __symbol_to_keep_end = .

shell_area      0x0000000000003e8c        0x0
                0x0000000000003e8c                _shell_list_start = .
 *(SORT_BY_NAME(SORT_BY_ALIGNMENT(._shell.static.*)))
                0x0000000000003e8c                _shell_list_end = .

shell_root_cmds_area
                0x0000000000003e8c        0x0
                0x0000000000003e8c                _shell_root_cmds_list_start = .
 *(SORT_BY_NAME(SORT_BY_ALIGNMENT(._shell_root_cmds.static.*)))
                0x0000000000003e8c                _shell_root_cmds_list_end = .

shell_subcmds_area
                0x0000000000003e8c        0x0
                0x0000000000003e8c                _shell_subcmds_list_start = .
 *(SORT_BY_NAME(SORT_BY_ALIGNMENT(._shell_subcmds.static.*)))
                0x0000000000003e8c                _shell_subcmds_list_end = .

shell_dynamic_subcmds_area
                0x0000000000003e8c        0x0
                0x0000000000003e8c                _shell_dynamic_subcmds_list_start = .
 *(SORT_BY_NAME(SORT_BY_ALIGNMENT(._shell_dynamic_subcmds.static.*)))
                0x0000000000003e8c                _shell_dynamic_subcmds_list_end = .

cfb_font_area   0x0000000000003e8c        0x0
                0x0000000000003e8c                _cfb_font_list_start = .
 *(SORT_BY_NAME(SORT_BY_ALIGNMENT(._cfb_font.static.*)))
                0x0000000000003e8c                _cfb_font_list_end = .

tdata           0x0000000000003e8c        0x0
 *(SORT_BY_ALIGNMENT(.tdata) SORT_BY_ALIGNMENT(.tdata.*) SORT_BY_ALIGNMENT(.gnu.linkonce.td.*))

tbss            0x0000000000003e8c        0x4
 *(SORT_BY_ALIGNMENT(.tbss) SORT_BY_ALIGNMENT(.tbss.*) SORT_BY_ALIGNMENT(.gnu.linkonce.tb.*) SORT_BY_ALIGNMENT(.tcommon))
 .tbss.z_tls_current
                0x0000000000003e8c        0x4 zephyr/libzephyr.a(thread_entry.c.obj)
                0x0000000000003e8c                z_tls_current
                0x0000000000003e8c                PROVIDE (__tdata_start = LOADADDR (tdata))
                0x0000000000000001                PROVIDE (__tdata_align = ALIGNOF (tdata))
                0x0000000000000000                PROVIDE (__tdata_size = (((SIZEOF (tdata) + __tdata_align) - 0x1) & ~ ((__tdata_align - 0x1))))
                [!provide]                        PROVIDE (__tdata_end = (__tdata_start + __tdata_size))
                0x0000000000000004                PROVIDE (__tbss_align = ALIGNOF (tbss))
                [!provide]                        PROVIDE (__tbss_start = ADDR (tbss))
                0x0000000000000004                PROVIDE (__tbss_size = (((SIZEOF (tbss) + __tbss_align) - 0x1) & ~ ((__tbss_align - 0x1))))
                [!provide]                        PROVIDE (__tbss_end = (__tbss_start + __tbss_size))
                [!provide]                        PROVIDE (__tls_start = __tdata_start)
                [!provide]                        PROVIDE (__tls_end = __tbss_end)
                [!provide]                        PROVIDE (__tls_size = (__tbss_end - __tdata_start))

rodata          0x0000000000003e8c      0x650
 *(SORT_BY_ALIGNMENT(.rodata))
 *(SORT_BY_ALIGNMENT(.rodata.*))
 .rodata.gpio_mcux_port3_config
                0x0000000000003e8c       0x10 zephyr/drivers/gpio/libdrivers__gpio.a(gpio_mcux.c.obj)
 .rodata.gpio_mcux_port2_config
                0x0000000000003e9c       0x10 zephyr/drivers/gpio/libdrivers__gpio.a(gpio_mcux.c.obj)
 .rodata.gpio_mcux_port1_config
                0x0000000000003eac       0x10 zephyr/drivers/gpio/libdrivers__gpio.a(gpio_mcux.c.obj)
 .rodata.gpio_mcux_port0_config
                0x0000000000003ebc       0x10 zephyr/drivers/gpio/libdrivers__gpio.a(gpio_mcux.c.obj)
 .rodata.pinctrl_mcux_3_config
                0x0000000000003ecc        0x8 zephyr/drivers/pinctrl/libdrivers__pinctrl.a(pinctrl_nxp_port.c.obj)
 .rodata.pinctrl_mcux_2_config
                0x0000000000003ed4        0x8 zephyr/drivers/pinctrl/libdrivers__pinctrl.a(pinctrl_nxp_port.c.obj)
 .rodata.pinctrl_mcux_1_config
                0x0000000000003edc        0x8 zephyr/drivers/pinctrl/libdrivers__pinctrl.a(pinctrl_nxp_port.c.obj)
 .rodata.pinctrl_mcux_0_config
                0x0000000000003ee4        0x8 zephyr/drivers/pinctrl/libdrivers__pinctrl.a(pinctrl_nxp_port.c.obj)
 .rodata.ports  0x0000000000003eec       0x10 zephyr/drivers/pinctrl/libdrivers__pinctrl.a(pinctrl_nxp_port.c.obj)
 .rodata.mcux_lpuart_1_config
                0x0000000000003efc       0x20 zephyr/drivers/serial/libdrivers__serial.a(uart_mcux_lpuart.c.obj)
 .rodata.__pinctrl_dev_config__device_dts_ord_57
                0x0000000000003f1c        0x8 zephyr/drivers/serial/libdrivers__serial.a(uart_mcux_lpuart.c.obj)
 .rodata.__pinctrl_states__device_dts_ord_57
                0x0000000000003f24        0x8 zephyr/drivers/serial/libdrivers__serial.a(uart_mcux_lpuart.c.obj)
 .rodata.__pinctrl_state_pins_0__device_dts_ord_57
                0x0000000000003f2c        0x8 zephyr/drivers/serial/libdrivers__serial.a(uart_mcux_lpuart.c.obj)
 .rodata.mcux_lpuart_0_config
                0x0000000000003f34       0x20 zephyr/drivers/serial/libdrivers__serial.a(uart_mcux_lpuart.c.obj)
 .rodata.__pinctrl_dev_config__device_dts_ord_55
                0x0000000000003f54        0x8 zephyr/drivers/serial/libdrivers__serial.a(uart_mcux_lpuart.c.obj)
 .rodata.__pinctrl_states__device_dts_ord_55
                0x0000000000003f5c        0x8 zephyr/drivers/serial/libdrivers__serial.a(uart_mcux_lpuart.c.obj)
 .rodata.__pinctrl_state_pins_0__device_dts_ord_55
                0x0000000000003f64        0x8 zephyr/drivers/serial/libdrivers__serial.a(uart_mcux_lpuart.c.obj)
 .rodata.s_lpuartClock
                0x0000000000003f6c        0xc modules/hal_nxp/libmodules__hal_nxp.a(fsl_lpuart.c.obj)
 .rodata.CSWTCH.24
                0x0000000000003f78       0x1c modules/hal_nxp/libmodules__hal_nxp.a(fsl_clock.c.obj)
 .rodata.levels.0
                0x0000000000003f94       0x18 zephyr/kernel/libkernel.a(init.c.obj)
 .rodata.s_lpuartResets
                0x0000000000003fac        0x6 modules/hal_nxp/libmodules__hal_nxp.a(fsl_lpuart.c.obj)
 .rodata.main.str1.1
                0x0000000000003fb2       0x3c app/libapp.a(main.c.obj)
 .rodata.z_arm_fatal_error.str1.1
                0x0000000000003fee       0xb3 zephyr/arch/arch/arm/core/libarch__arm__core.a(fatal.c.obj)
 .rodata.usage_fault.constprop.0.str1.1
                0x00000000000040a1       0xff zephyr/arch/arch/arm/core/cortex_m/libarch__arm__core__cortex_m.a(fault.c.obj)
 .rodata.bus_fault.constprop.0.str1.1
                0x00000000000041a0       0xa2 zephyr/arch/arch/arm/core/cortex_m/libarch__arm__core__cortex_m.a(fault.c.obj)
 .rodata.mem_manage_fault.constprop.0.str1.1
                0x0000000000004242       0x9b zephyr/arch/arch/arm/core/cortex_m/libarch__arm__core__cortex_m.a(fault.c.obj)
 .rodata.z_arm_fault.str1.1
                0x00000000000042dd      0x119 zephyr/arch/arch/arm/core/cortex_m/libarch__arm__core__cortex_m.a(fault.c.obj)
 .rodata.str1.1
                0x00000000000043f6       0x10 zephyr/drivers/clock_control/libdrivers__clock_control.a(clock_control_mcux_syscon.c.obj)
 .rodata.str1.1
                0x0000000000004406       0x38 zephyr/drivers/gpio/libdrivers__gpio.a(gpio_mcux.c.obj)
 .rodata.str1.1
                0x000000000000443e       0x40 zephyr/drivers/pinctrl/libdrivers__pinctrl.a(pinctrl_nxp_port.c.obj)
 .rodata.str1.1
                0x000000000000447e       0x20 zephyr/drivers/serial/libdrivers__serial.a(uart_mcux_lpuart.c.obj)
 .rodata.z_cstart.str1.1
                0x000000000000449e        0x5 zephyr/kernel/libkernel.a(init.c.obj)
 .rodata.boot_banner.str1.1
                0x00000000000044a3       0x28 zephyr/kernel/libkernel.a(banner.c.obj)
 .rodata.__l_vfprintf.str1.1
                0x00000000000044cb        0xf /Users/tedd/zephyr-sdk-0.17.4/arm-zephyr-eabi/bin/../lib/gcc/../../picolibc/arm-zephyr-eabi/lib/thumb/v8-m.main/nofp/libc.a(libc_tinystdio_vflprintf.c.o)
 *(SORT_BY_ALIGNMENT(.gnu.linkonce.r.*))
                0x00000000000044dc                . = ALIGN (0x4)
 *fill*         0x00000000000044da        0x2 
                [!provide]                        PROVIDE (__eh_frame_start = 0x0)
                [!provide]                        PROVIDE (__eh_frame_end = 0x0)
                [!provide]                        PROVIDE (__eh_frame_hdr_start = 0x0)
                [!provide]                        PROVIDE (__eh_frame_hdr_end = 0x0)

/DISCARD/
 *(SORT_BY_ALIGNMENT(.eh_frame))
                0x00000000000044dc                __rodata_region_end = .
                0x00000000000044dc                . = ALIGN (_region_min_align)
                0x00000000000044dc                __rom_region_end = ((__rom_region_start + .) - ADDR (rom_start))
                0x00000000000044dc                __rom_region_size = (__rom_region_end - __rom_region_start)

/DISCARD/
 *(SORT_BY_ALIGNMENT(.got.plt))
 *(SORT_BY_ALIGNMENT(.igot.plt))
 *(SORT_BY_ALIGNMENT(.got))
 *(SORT_BY_ALIGNMENT(.igot))
                0x0000000020000000                . = 0x20000000
                0x0000000020000000                . = ALIGN (_region_min_align)
                0x0000000020000000                _image_ram_start = .

.ramfunc        0x0000000020000000        0x0 load address 0x00000000000044dc
                0x0000000020000000                __ramfunc_region_start = .
                0x0000000020000000                . = ALIGN (_region_min_align)
                0x0000000020000000                __ramfunc_start = .
 *(SORT_BY_ALIGNMENT(.ramfunc))
 *(SORT_BY_ALIGNMENT(.ramfunc.*))
                0x0000000020000000                . = ALIGN (0x4)
 *(SORT_BY_ALIGNMENT(CodeQuickAccess))
                0x0000000020000000                . = ALIGN (_region_min_align)
                0x0000000020000000                __ramfunc_end = .
                0x0000000000000000                __ramfunc_size = (__ramfunc_end - __ramfunc_start)
                0x00000000000044dc                __ramfunc_load_start = LOADADDR (.ramfunc)

datas           0x0000000020000000       0x50 load address 0x00000000000044dc
                0x0000000020000000                __data_region_start = .
                0x0000000020000000                __data_start = .
 *(SORT_BY_ALIGNMENT(.data))
 *(SORT_BY_ALIGNMENT(.data.*))
 .data.tgt_rx_buf
                0x0000000020000000       0x14 app/libapp.a(main.c.obj)
                0x0000000020000000                tgt_rx_buf
 .data.dbg_rx_buf
                0x0000000020000014       0x14 app/libapp.a(main.c.obj)
                0x0000000020000014                dbg_rx_buf
 .data._char_out
                0x0000000020000028        0x4 zephyr/libzephyr.a(printk.c.obj)
 .data.__stdout
                0x000000002000002c       0x10 zephyr/lib/libc/picolibc/liblib__libc__picolibc.a(stdio.c.obj)
 .data.SystemCoreClock
                0x000000002000003c        0x4 modules/hal_nxp/libmodules__hal_nxp.a(system_MCXA153.c.obj)
                0x000000002000003c                SystemCoreClock
 .data.s_Ext_Clk_Freq
                0x0000000020000040        0x4 modules/hal_nxp/libmodules__hal_nxp.a(fsl_clock.c.obj)
 .data.slice_ticks
                0x0000000020000044        0x4 zephyr/kernel/libkernel.a(timeslicing.c.obj)
 .data.timeout_list
                0x0000000020000048        0x8 zephyr/kernel/libkernel.a(timeout.c.obj)
 *(SORT_BY_ALIGNMENT(.kernel.*))
                0x0000000020000050                . = ALIGN (0x4)
 *(SORT_BY_ALIGNMENT(DataQuickAccess))
                0x0000000020000050                __data_end = .
                0x0000000000000050                __data_size = (__data_end - __data_start)
                0x00000000000044dc                __data_load_start = LOADADDR (datas)
                0x00000000000044dc                __data_region_load_start = LOADADDR (datas)

device_states   0x0000000020000050       0x18 load address 0x000000000000452c
                0x0000000020000050                . = ALIGN (0x4)
                0x0000000020000050                __device_states_start = .
 *(SORT_BY_ALIGNMENT(.z_devstate))
 .z_devstate    0x0000000020000050        0x2 zephyr/drivers/clock_control/libdrivers__clock_control.a(clock_control_mcux_syscon.c.obj)
 .z_devstate    0x0000000020000052        0x8 zephyr/drivers/gpio/libdrivers__gpio.a(gpio_mcux.c.obj)
 .z_devstate    0x000000002000005a        0x8 zephyr/drivers/pinctrl/libdrivers__pinctrl.a(pinctrl_nxp_port.c.obj)
 .z_devstate    0x0000000020000062        0x4 zephyr/drivers/serial/libdrivers__serial.a(uart_mcux_lpuart.c.obj)
 *(SORT_BY_ALIGNMENT(.z_devstate.*))
                0x0000000020000066                __device_states_end = .
                0x0000000020000068                . = ALIGN (0x4)
 *fill*         0x0000000020000066        0x2 

log_mpsc_pbuf_area
                0x0000000020000068        0x0 load address 0x0000000000004544
                0x0000000020000068                _log_mpsc_pbuf_list_start = .
 *(SORT_BY_NAME(SORT_BY_ALIGNMENT(._log_mpsc_pbuf.static.*)))
                0x0000000020000068                _log_mpsc_pbuf_list_end = .

log_msg_ptr_area
                0x0000000020000068        0x0 load address 0x0000000000004544
                0x0000000020000068                _log_msg_ptr_list_start = .
 *(SORT_BY_NAME(SORT_BY_ALIGNMENT(._log_msg_ptr.static.*)))
                0x0000000020000068                _log_msg_ptr_list_end = .

log_dynamic_area
                0x0000000020000068        0x0 load address 0x0000000000004544
                0x0000000020000068                _log_dynamic_list_start = .
 *(SORT_BY_NAME(SORT_BY_ALIGNMENT(._log_dynamic.static.*)))
                0x0000000020000068                _log_dynamic_list_end = .
